Archive member included to satisfy reference by file (symbol)

c:/program files (x86)/atmel/studio/7.0/toolchain/arm/arm-gnu-toolchain/bin/../lib/gcc/arm-none-eabi/6.2.1/thumb/v6-m\libgcc.a(_udivsi3.o)
                              src/ASF/common2/services/delay/sam0/systick_counter.o (__aeabi_uidiv)
c:/program files (x86)/atmel/studio/7.0/toolchain/arm/arm-gnu-toolchain/bin/../lib/gcc/arm-none-eabi/6.2.1/thumb/v6-m\libgcc.a(_dvmd_tls.o)
                              c:/program files (x86)/atmel/studio/7.0/toolchain/arm/arm-gnu-toolchain/bin/../lib/gcc/arm-none-eabi/6.2.1/thumb/v6-m\libgcc.a(_udivsi3.o) (__aeabi_idiv0)
c:/program files (x86)/atmel/studio/7.0/toolchain/arm/arm-gnu-toolchain/bin/../lib/gcc/arm-none-eabi/6.2.1/thumb/v6-m\libgcc.a(_muldi3.o)
                              src/ASF/sam0/drivers/sercom/sercom.o (__aeabi_lmul)
c:/program files (x86)/atmel/studio/7.0/toolchain/arm/arm-gnu-toolchain/bin/../lib/gcc/arm-none-eabi/6.2.1/../../../../arm-none-eabi/lib/thumb/v6-m\libc_nano.a(lib_a-exit.o)
                              c:/program files (x86)/atmel/studio/7.0/toolchain/arm/arm-gnu-toolchain/bin/../lib/gcc/arm-none-eabi/6.2.1/../../../../arm-none-eabi/lib/thumb/v6-m/crt0.o (exit)
c:/program files (x86)/atmel/studio/7.0/toolchain/arm/arm-gnu-toolchain/bin/../lib/gcc/arm-none-eabi/6.2.1/../../../../arm-none-eabi/lib/thumb/v6-m\libc_nano.a(lib_a-impure.o)
                              c:/program files (x86)/atmel/studio/7.0/toolchain/arm/arm-gnu-toolchain/bin/../lib/gcc/arm-none-eabi/6.2.1/../../../../arm-none-eabi/lib/thumb/v6-m\libc_nano.a(lib_a-exit.o) (_global_impure_ptr)
c:/program files (x86)/atmel/studio/7.0/toolchain/arm/arm-gnu-toolchain/bin/../lib/gcc/arm-none-eabi/6.2.1/../../../../arm-none-eabi/lib/thumb/v6-m\libc_nano.a(lib_a-init.o)
                              c:/program files (x86)/atmel/studio/7.0/toolchain/arm/arm-gnu-toolchain/bin/../lib/gcc/arm-none-eabi/6.2.1/../../../../arm-none-eabi/lib/thumb/v6-m/crt0.o (__libc_init_array)
c:/program files (x86)/atmel/studio/7.0/toolchain/arm/arm-gnu-toolchain/bin/../lib/gcc/arm-none-eabi/6.2.1/../../../../arm-none-eabi/lib/thumb/v6-m\libc_nano.a(lib_a-memcpy-stub.o)
                              src/loraDriver.o (memcpy)
c:/program files (x86)/atmel/studio/7.0/toolchain/arm/arm-gnu-toolchain/bin/../lib/gcc/arm-none-eabi/6.2.1/../../../../arm-none-eabi/lib/thumb/v6-m\libc_nano.a(lib_a-memset.o)
                              c:/program files (x86)/atmel/studio/7.0/toolchain/arm/arm-gnu-toolchain/bin/../lib/gcc/arm-none-eabi/6.2.1/../../../../arm-none-eabi/lib/thumb/v6-m/crt0.o (memset)
c:/program files (x86)/atmel/studio/7.0/toolchain/arm/arm-gnu-toolchain/bin/../lib/gcc/arm-none-eabi/6.2.1/../../../../arm-none-eabi/lib/thumb/v6-m\libc_nano.a(lib_a-sprintf.o)
                              src/loraDriver.o (sprintf)
c:/program files (x86)/atmel/studio/7.0/toolchain/arm/arm-gnu-toolchain/bin/../lib/gcc/arm-none-eabi/6.2.1/../../../../arm-none-eabi/lib/thumb/v6-m\libc_nano.a(lib_a-nano-svfprintf.o)
                              c:/program files (x86)/atmel/studio/7.0/toolchain/arm/arm-gnu-toolchain/bin/../lib/gcc/arm-none-eabi/6.2.1/../../../../arm-none-eabi/lib/thumb/v6-m\libc_nano.a(lib_a-sprintf.o) (_svfprintf_r)
c:/program files (x86)/atmel/studio/7.0/toolchain/arm/arm-gnu-toolchain/bin/../lib/gcc/arm-none-eabi/6.2.1/../../../../arm-none-eabi/lib/thumb/v6-m\libc_nano.a(lib_a-nano-vfprintf_i.o)
                              c:/program files (x86)/atmel/studio/7.0/toolchain/arm/arm-gnu-toolchain/bin/../lib/gcc/arm-none-eabi/6.2.1/../../../../arm-none-eabi/lib/thumb/v6-m\libc_nano.a(lib_a-nano-svfprintf.o) (_printf_i)
c:/program files (x86)/atmel/studio/7.0/toolchain/arm/arm-gnu-toolchain/bin/../lib/gcc/arm-none-eabi/6.2.1/../../../../arm-none-eabi/lib/thumb/v6-m\libc_nano.a(lib_a-memchr-stub.o)
                              c:/program files (x86)/atmel/studio/7.0/toolchain/arm/arm-gnu-toolchain/bin/../lib/gcc/arm-none-eabi/6.2.1/../../../../arm-none-eabi/lib/thumb/v6-m\libc_nano.a(lib_a-nano-svfprintf.o) (memchr)
c:/program files (x86)/atmel/studio/7.0/toolchain/arm/arm-gnu-toolchain/bin/../lib/gcc/arm-none-eabi/6.2.1/../../../../arm-none-eabi/lib/thumb/v6-m\libc_nano.a(lib_a-memmove.o)
                              c:/program files (x86)/atmel/studio/7.0/toolchain/arm/arm-gnu-toolchain/bin/../lib/gcc/arm-none-eabi/6.2.1/../../../../arm-none-eabi/lib/thumb/v6-m\libc_nano.a(lib_a-nano-svfprintf.o) (memmove)
c:/program files (x86)/atmel/studio/7.0/toolchain/arm/arm-gnu-toolchain/bin/../lib/gcc/arm-none-eabi/6.2.1/../../../../arm-none-eabi/lib/thumb/v6-m\libc_nano.a(lib_a-nano-freer.o)
                              c:/program files (x86)/atmel/studio/7.0/toolchain/arm/arm-gnu-toolchain/bin/../lib/gcc/arm-none-eabi/6.2.1/../../../../arm-none-eabi/lib/thumb/v6-m\libc_nano.a(lib_a-nano-svfprintf.o) (_free_r)
[...]
Memory Configuration

Name             Origin             Length             Attributes
rom              0x00000000         0x00040000         xr
ram              0x20000000         0x00008000         xrw
lpram            0x30000000         0x00002000         xrw
*default*        0x00000000         0xffffffff

Linker script and memory map

LOAD c:/program files (x86)/atmel/studio/7.0/toolchain/arm/arm-gnu-toolchain/bin/../lib/gcc/arm-none-eabi/6.2.1/thumb/v6-m/crti.o
LOAD c:/program files (x86)/atmel/studio/7.0/toolchain/arm/arm-gnu-toolchain/bin/../lib/gcc/arm-none-eabi/6.2.1/thumb/v6-m/crtbegin.o
LOAD c:/program files (x86)/atmel/studio/7.0/toolchain/arm/arm-gnu-toolchain/bin/../lib/gcc/arm-none-eabi/6.2.1/../../../../arm-none-eabi/lib/thumb/v6-m/crt0.o
LOAD src/ASF/sam0/drivers/sercom/sercom.o
LOAD src/loraDriver.o
LOAD src/uart.o
LOAD src/ASF/sam0/drivers/sercom/usart/usart.o
LOAD src/ASF/sam0/drivers/sercom/usart/usart_interrupt.o
LOAD src/ASF/sam0/drivers/sercom/sercom_interrupt.o
LOAD src/ASF/common2/services/delay/sam0/systick_counter.o
LOAD src/ASF/common/utils/interrupt/interrupt_sam_nvic.o
LOAD src/ASF/sam0/boards/saml21_xplained_pro_b/board_init.o
LOAD src/ASF/sam0/drivers/port/port.o
LOAD src/ASF/sam0/drivers/system/clock/clock_saml21/clock.o
LOAD src/ASF/sam0/drivers/system/clock/clock_saml21/gclk.o
LOAD src/ASF/sam0/drivers/system/interrupt/system_interrupt.o
LOAD src/ASF/sam0/drivers/system/pinmux/pinmux.o
LOAD src/ASF/sam0/drivers/system/system.o
LOAD src/ASF/sam0/utils/cmsis/saml21/source/gcc/startup_saml21.o
LOAD src/ASF/sam0/utils/cmsis/saml21/source/system_saml21.o
LOAD src/ASF/sam0/utils/syscalls/gcc/syscalls.o
LOAD src/main.o
START GROUP
LOAD ../src/ASF/thirdparty/CMSIS/Lib/GCC\libarm_cortexM0l_math.a
LOAD c:/program files (x86)/atmel/studio/7.0/toolchain/arm/arm-gnu-toolchain/bin/../lib/gcc/arm-none-eabi/6.2.1/../../../../arm-none-eabi/lib/thumb/v6-m\libm.a
END GROUP
START GROUP
LOAD c:/program files (x86)/atmel/studio/7.0/toolchain/arm/arm-gnu-toolchain/bin/../lib/gcc/arm-none-eabi/6.2.1/thumb/v6-m\libgcc.a
LOAD c:/program files (x86)/atmel/studio/7.0/toolchain/arm/arm-gnu-toolchain/bin/../lib/gcc/arm-none-eabi/6.2.1/../../../../arm-none-eabi/lib/thumb/v6-m\libc_nano.a
END GROUP
START GROUP
LOAD c:/program files (x86)/atmel/studio/7.0/toolchain/arm/arm-gnu-toolchain/bin/../lib/gcc/arm-none-eabi/6.2.1/thumb/v6-m\libgcc.a
LOAD c:/program files (x86)/atmel/studio/7.0/toolchain/arm/arm-gnu-toolchain/bin/../lib/gcc/arm-none-eabi/6.2.1/../../../../arm-none-eabi/lib/thumb/v6-m\libc_nano.a
END GROUP
LOAD c:/program files (x86)/atmel/studio/7.0/toolchain/arm/arm-gnu-toolchain/bin/../lib/gcc/arm-none-eabi/6.2.1/thumb/v6-m/crtend.o
LOAD c:/program files (x86)/atmel/studio/7.0/toolchain/arm/arm-gnu-toolchain/bin/../lib/gcc/arm-none-eabi/6.2.1/thumb/v6-m/crtn.o
                0x00002000                STACK_SIZE = DEFINED (STACK_SIZE)?STACK_SIZE:DEFINED (__stack_size__)?__stack_size__:0x2000

.text           0x00000000     0x1880
                0x00000000                . = ALIGN (0x4)
                0x00000000                _sfixed = .
 *(.vectors .vectors.*)
 .vectors       0x00000000       0xb4 src/ASF/sam0/utils/cmsis/saml21/source/gcc/startup_saml21.o
                0x00000000                exception_table
 *(.text .text.* .gnu.linkonce.t.*)
 .text          0x000000b4       0x60 c:/program files (x86)/atmel/studio/7.0/toolchain/arm/arm-gnu-toolchain/bin/../lib/gcc/arm-none-eabi/6.2.1/thumb/v6-m/crtbegin.o
 .text.long_division
                0x00000114       0xba src/ASF/sam0/drivers/sercom/sercom.o
 .text._sercom_get_sync_baud_val
                0x000001ce       0x28 src/ASF/sam0/drivers/sercom/sercom.o
                0x000001ce                _sercom_get_sync_baud_val
 *fill*         0x000001f6        0x2 
 .text._sercom_get_async_baud_val
                0x000001f8       0x94 src/ASF/sam0/drivers/sercom/sercom.o
                0x000001f8                _sercom_get_async_baud_val
 .text.sercom_set_gclk_generator
                0x0000028c       0x4c src/ASF/sam0/drivers/sercom/sercom.o
                0x0000028c                sercom_set_gclk_generator
 .text._sercom_get_default_pad
                0x000002d8      0x174 src/ASF/sam0/drivers/sercom/sercom.o
                0x000002d8                _sercom_get_default_pad
 .text._sercom_get_sercom_inst_index
                0x0000044c       0x38 src/ASF/sam0/drivers/sercom/sercom.o
                0x0000044c                _sercom_get_sercom_inst_index
 .text.try_join
                0x00000484       0x48 src/loraDriver.o
                0x00000484                try_join
 .text.init_uart
                0x000004cc      0x198 src/uart.o
                0x000004cc                init_uart
 .text.read_response
                0x00000664       0xe8 src/uart.o
                0x00000664                read_response
 .text.send_command
                0x0000074c       0x7c src/uart.o
                0x0000074c                send_command
 .text.usart_init
                0x000007c8      0x364 src/ASF/sam0/drivers/sercom/usart/usart.o
                0x000007c8                usart_init
 .text.usart_write_wait
                0x00000b2c       0x2c src/ASF/sam0/drivers/sercom/usart/usart.o
                0x00000b2c                usart_write_wait
 .text.usart_read_wait
                0x00000b58       0x70 src/ASF/sam0/drivers/sercom/usart/usart.o
                0x00000b58                usart_read_wait
 .text.usart_write_buffer_wait
                0x00000bc8       0xc0 src/ASF/sam0/drivers/sercom/usart/usart.o
                0x00000bc8                usart_write_buffer_wait
 .text._usart_interrupt_handler
                0x00000c88      0x194 src/ASF/sam0/drivers/sercom/usart/usart_interrupt.o
                0x00000c88                _usart_interrupt_handler
 .text._sercom_default_handler
                0x00000e1c        0x2 src/ASF/sam0/drivers/sercom/sercom_interrupt.o
 *fill*         0x00000e1e        0x2 
 .text._sercom_set_handler
                0x00000e20       0x3c src/ASF/sam0/drivers/sercom/sercom_interrupt.o
                0x00000e20                _sercom_set_handler
 .text._sercom_get_interrupt_vector
                0x00000e5c       0x30 src/ASF/sam0/drivers/sercom/sercom_interrupt.o
                0x00000e5c                _sercom_get_interrupt_vector
 .text.SERCOM0_Handler
                0x00000e8c       0x10 src/ASF/sam0/drivers/sercom/sercom_interrupt.o
                0x00000e8c                SERCOM0_Handler
 .text.SERCOM1_Handler
                0x00000e9c       0x10 src/ASF/sam0/drivers/sercom/sercom_interrupt.o
                0x00000e9c                SERCOM1_Handler
 .text.SERCOM2_Handler
                0x00000eac       0x10 src/ASF/sam0/drivers/sercom/sercom_interrupt.o
                0x00000eac                SERCOM2_Handler
 .text.SERCOM3_Handler
                0x00000ebc       0x10 src/ASF/sam0/drivers/sercom/sercom_interrupt.o
                0x00000ebc                SERCOM3_Handler
 .text.SERCOM4_Handler
                0x00000ecc       0x10 src/ASF/sam0/drivers/sercom/sercom_interrupt.o
                0x00000ecc                SERCOM4_Handler
 .text.SERCOM5_Handler
                0x00000edc       0x10 src/ASF/sam0/drivers/sercom/sercom_interrupt.o
                0x00000edc                SERCOM5_Handler
 .text.delay_init
                0x00000eec       0x40 src/ASF/common2/services/delay/sam0/systick_counter.o
                0x00000eec                delay_init
 .text.delay_cycles_ms
                0x00000f2c       0x2c src/ASF/common2/services/delay/sam0/systick_counter.o
                0x00000f2c                delay_cycles_ms
 .text.cpu_irq_enter_critical
                0x00000f58       0x40 src/ASF/common/utils/interrupt/interrupt_sam_nvic.o
                0x00000f58                cpu_irq_enter_critical
 .text.cpu_irq_leave_critical
                0x00000f98       0x30 src/ASF/common/utils/interrupt/interrupt_sam_nvic.o
                0x00000f98                cpu_irq_leave_critical
 .text.system_board_init
                0x00000fc8       0x38 src/ASF/sam0/boards/saml21_xplained_pro_b/board_init.o
                0x00000fc8                board_init
                0x00000fc8                system_board_init
 .text.port_pin_set_config
                0x00001000       0x24 src/ASF/sam0/drivers/port/port.o
                0x00001000                port_pin_set_config
 .text.system_clock_source_get_hz
                0x00001024       0x94 src/ASF/sam0/drivers/system/clock/clock_saml21/clock.o
                0x00001024                system_clock_source_get_hz
 .text.system_clock_init
                0x000010b8       0xf0 src/ASF/sam0/drivers/system/clock/clock_saml21/clock.o
                0x000010b8                system_clock_init
 .text.system_gclk_init
                0x000011a8       0x24 src/ASF/sam0/drivers/system/clock/clock_saml21/gclk.o
                0x000011a8                system_gclk_init
 .text.system_gclk_gen_set_config
                0x000011cc       0xac src/ASF/sam0/drivers/system/clock/clock_saml21/gclk.o
                0x000011cc                system_gclk_gen_set_config
 .text.system_gclk_gen_enable
                0x00001278       0x40 src/ASF/sam0/drivers/system/clock/clock_saml21/gclk.o
                0x00001278                system_gclk_gen_enable
 .text.system_gclk_gen_get_hz
                0x000012b8       0x6c src/ASF/sam0/drivers/system/clock/clock_saml21/gclk.o
                0x000012b8                system_gclk_gen_get_hz
 .text.system_gclk_chan_enable
                0x00001324       0x38 src/ASF/sam0/drivers/system/clock/clock_saml21/gclk.o
                0x00001324                system_gclk_chan_enable
 .text.system_gclk_chan_disable
                0x0000135c       0x38 src/ASF/sam0/drivers/system/clock/clock_saml21/gclk.o
                0x0000135c                system_gclk_chan_disable
 .text.system_gclk_chan_set_config
                0x00001394       0x24 src/ASF/sam0/drivers/system/clock/clock_saml21/gclk.o
                0x00001394                system_gclk_chan_set_config
 .text.system_gclk_chan_get_hz
                0x000013b8       0x30 src/ASF/sam0/drivers/system/clock/clock_saml21/gclk.o
                0x000013b8                system_gclk_chan_get_hz
 .text._system_pinmux_config
                0x000013e8       0xa8 src/ASF/sam0/drivers/system/pinmux/pinmux.o
 .text.system_pinmux_pin_set_config
                0x00001490       0x30 src/ASF/sam0/drivers/system/pinmux/pinmux.o
                0x00001490                system_pinmux_pin_set_config
 .text._system_dummy_init
                0x000014c0        0x2 src/ASF/sam0/drivers/system/system.o
                0x000014c0                _system_extint_init
                0x000014c0                _system_events_init
                0x000014c0                _system_dummy_init
                0x000014c0                _system_divas_init
 *fill*         0x000014c2        0x2 
 .text.system_init
                0x000014c4       0x2c src/ASF/sam0/drivers/system/system.o
                0x000014c4                system_init
 .text.Dummy_Handler
                0x000014f0        0x2 src/ASF/sam0/utils/cmsis/saml21/source/gcc/startup_saml21.o
                0x000014f0                DMAC_Handler
                0x000014f0                TRNG_Handler
                0x000014f0                HardFault_Handler
                0x000014f0                TC2_Handler
                0x000014f0                AC_Handler
                0x000014f0                SysTick_Handler
                0x000014f0                PendSV_Handler
                0x000014f0                NMI_Handler
                0x000014f0                ADC_Handler
                0x000014f0                TCC1_Handler
                0x000014f0                TCC0_Handler
                0x000014f0                RTC_Handler
                0x000014f0                EIC_Handler
                0x000014f0                WDT_Handler
                0x000014f0                TC4_Handler
                0x000014f0                TC1_Handler
                0x000014f0                USB_Handler
                0x000014f0                TC3_Handler
                0x000014f0                Dummy_Handler
                0x000014f0                SVC_Handler
                0x000014f0                TCC2_Handler
                0x000014f0                EVSYS_Handler
                0x000014f0                NVMCTRL_Handler
                0x000014f0                SYSTEM_Handler
                0x000014f0                DAC_Handler
                0x000014f0                PTC_Handler
                0x000014f0                TC0_Handler
                0x000014f0                AES_Handler
 *fill*         0x000014f2        0x2 
 .text.Reset_Handler
                0x000014f4       0x98 src/ASF/sam0/utils/cmsis/saml21/source/gcc/startup_saml21.o
                0x000014f4                Reset_Handler
 .text.main     0x0000158c       0x50 src/main.o
                0x0000158c                main
 .text          0x000015dc      0x114 c:/program files (x86)/atmel/studio/7.0/toolchain/arm/arm-gnu-toolchain/bin/../lib/gcc/arm-none-eabi/6.2.1/thumb/v6-m\libgcc.a(_udivsi3.o)
                0x000015dc                __aeabi_uidiv
                0x000015dc                __udivsi3
                0x000016e8                __aeabi_uidivmod
 .text          0x000016f0        0x4 c:/program files (x86)/atmel/studio/7.0/toolchain/arm/arm-gnu-toolchain/bin/../lib/gcc/arm-none-eabi/6.2.1/thumb/v6-m\libgcc.a(_dvmd_tls.o)
                0x000016f0                __aeabi_idiv0
                0x000016f0                __aeabi_ldiv0
 .text          0x000016f4       0x54 c:/program files (x86)/atmel/studio/7.0/toolchain/arm/arm-gnu-toolchain/bin/../lib/gcc/arm-none-eabi/6.2.1/thumb/v6-m\libgcc.a(_muldi3.o)
                0x000016f4                __muldi3
                0x000016f4                __aeabi_lmul
 .text.__libc_init_array
                0x00001748       0x48 c:/program files (x86)/atmel/studio/7.0/toolchain/arm/arm-gnu-toolchain/bin/../lib/gcc/arm-none-eabi/6.2.1/../../../../arm-none-eabi/lib/thumb/v6-m\libc_nano.a(lib_a-init.o)
                0x00001748                __libc_init_array
 *(.glue_7t)
 .glue_7t       0x00001790        0x0 linker stubs
 *(.glue_7)
 .glue_7        0x00001790        0x0 linker stubs
 *(.rodata .rodata* .gnu.linkonce.r.*)
 .rodata        0x00001790       0x18 src/ASF/sam0/drivers/sercom/sercom.o
 .rodata.try_join.str1.4
                0x000017a8       0x10 src/loraDriver.o
 .rodata.init_uart.str1.4
                0x000017b8       0x13 src/uart.o
 *fill*         0x000017cb        0x1 
 .rodata.read_response.str1.4
                0x000017cc       0x4b src/uart.o
 *fill*         0x00001817        0x1 
 .rodata.send_command.str1.4
                0x00001818        0xf src/uart.o
                                 0x13 (size before relaxing)
 *fill*         0x00001827        0x1 
 .rodata.system_clock_source_get_hz
                0x00001828       0x24 src/ASF/sam0/drivers/system/clock/clock_saml21/clock.o
 .rodata.main.str1.4
                0x0000184c       0x14 src/main.o
                                 0x13 (size before relaxing)
 *(.ARM.extab* .gnu.linkonce.armextab.*)
                0x00001860                . = ALIGN (0x4)
 *(.init)
 .init          0x00001860        0x4 c:/program files (x86)/atmel/studio/7.0/toolchain/arm/arm-gnu-toolchain/bin/../lib/gcc/arm-none-eabi/6.2.1/thumb/v6-m/crti.o
                0x00001860                _init
 .init          0x00001864        0x8 c:/program files (x86)/atmel/studio/7.0/toolchain/arm/arm-gnu-toolchain/bin/../lib/gcc/arm-none-eabi/6.2.1/thumb/v6-m/crtn.o
                0x0000186c                . = ALIGN (0x4)
                0x0000186c                __preinit_array_start = .
 *(.preinit_array)
                0x0000186c                __preinit_array_end = .
                0x0000186c                . = ALIGN (0x4)
                0x0000186c                __init_array_start = .
 *(SORT(.init_array.*))
 *(.init_array)
 .init_array    0x0000186c        0x4 c:/program files (x86)/atmel/studio/7.0/toolchain/arm/arm-gnu-toolchain/bin/../lib/gcc/arm-none-eabi/6.2.1/thumb/v6-m/crtbegin.o
                0x00001870                __init_array_end = .
                0x00001870                . = ALIGN (0x4)
 *crtbegin.o(.ctors)
 *(EXCLUDE_FILE(*crtend.o) .ctors)
 *(SORT(.ctors.*))
 *crtend.o(.ctors)
                0x00001870                . = ALIGN (0x4)
 *(.fini)
 .fini          0x00001870        0x4 c:/program files (x86)/atmel/studio/7.0/toolchain/arm/arm-gnu-toolchain/bin/../lib/gcc/arm-none-eabi/6.2.1/thumb/v6-m/crti.o
                0x00001870                _fini
 .fini          0x00001874        0x8 c:/program files (x86)/atmel/studio/7.0/toolchain/arm/arm-gnu-toolchain/bin/../lib/gcc/arm-none-eabi/6.2.1/thumb/v6-m/crtn.o
                0x0000187c                . = ALIGN (0x4)
                0x0000187c                __fini_array_start = .
 *(.fini_array)
 .fini_array    0x0000187c        0x4 c:/program files (x86)/atmel/studio/7.0/toolchain/arm/arm-gnu-toolchain/bin/../lib/gcc/arm-none-eabi/6.2.1/thumb/v6-m/crtbegin.o
 *(SORT(.fini_array.*))
                0x00001880                __fini_array_end = .
 *crtbegin.o(.dtors)
 *(EXCLUDE_FILE(*crtend.o) .dtors)
 *(SORT(.dtors.*))
 *crtend.o(.dtors)
                0x00001880                . = ALIGN (0x4)
                0x00001880                _efixed = .
                [!provide]                PROVIDE (__exidx_start, .)

.vfp11_veneer   0x00001880        0x0
 .vfp11_veneer  0x00001880        0x0 linker stubs

.v4_bx          0x00001880        0x0
 .v4_bx         0x00001880        0x0 linker stubs

.iplt           0x00001880        0x0
 .iplt          0x00001880        0x0 c:/program files (x86)/atmel/studio/7.0/toolchain/arm/arm-gnu-toolchain/bin/../lib/gcc/arm-none-eabi/6.2.1/thumb/v6-m/crtbegin.o

.eh_frame       0x00001880        0x0
 .eh_frame      0x00001880        0x0 c:/program files (x86)/atmel/studio/7.0/toolchain/arm/arm-gnu-toolchain/bin/../lib/gcc/arm-none-eabi/6.2.1/thumb/v6-m/crtbegin.o

.rel.dyn        0x00001880        0x0
 .rel.iplt      0x00001880        0x0 c:/program files (x86)/atmel/studio/7.0/toolchain/arm/arm-gnu-toolchain/bin/../lib/gcc/arm-none-eabi/6.2.1/thumb/v6-m/crtbegin.o

.jcr            0x00001880        0x0
 .jcr           0x00001880        0x0 c:/program files (x86)/atmel/studio/7.0/toolchain/arm/arm-gnu-toolchain/bin/../lib/gcc/arm-none-eabi/6.2.1/thumb/v6-m/crtbegin.o

.igot.plt       0x00001880        0x0
 .igot.plt      0x00001880        0x0 c:/program files (x86)/atmel/studio/7.0/toolchain/arm/arm-gnu-toolchain/bin/../lib/gcc/arm-none-eabi/6.2.1/thumb/v6-m/crtbegin.o

.ARM.exidx
 *(.ARM.exidx* .gnu.linkonce.armexidx.*)
                [!provide]                PROVIDE (__exidx_end, .)
                0x00001880                . = ALIGN (0x4)
                0x00001880                _etext = .

.relocate       0x20000000        0xc load address 0x00001880
                0x20000000                . = ALIGN (0x4)
                0x20000000                _srelocate = .
 *(.ramfunc .ramfunc.*)
 *(.data .data.*)
 .data.cycles_per_ms
                0x20000000        0x4 src/ASF/common2/services/delay/sam0/systick_counter.o
 .data.cycles_per_us
                0x20000004        0x4 src/ASF/common2/services/delay/sam0/systick_counter.o
 .data.g_interrupt_enabled
                0x20000008        0x1 src/ASF/common/utils/interrupt/interrupt_sam_nvic.o
                0x20000008                g_interrupt_enabled
                0x2000000c                . = ALIGN (0x4)
 *fill*         0x20000009        0x3 
                0x2000000c                _erelocate = .

.lpram          0x30000000        0x0
                0x30000000                . = ALIGN (0x8)
                0x30000000                _slpram = .
 *(.lpram .lpram.*)
                0x30000000                . = ALIGN (0x8)
                0x30000000                _elpram = .

.bss            0x2000000c      0x1ac load address 0x0000188c
                0x2000000c                . = ALIGN (0x4)
                0x2000000c                _sbss = .
                0x2000000c                _szero = .
 *(.bss .bss.*)
 .bss           0x2000000c       0x1c c:/program files (x86)/atmel/studio/7.0/toolchain/arm/arm-gnu-toolchain/bin/../lib/gcc/arm-none-eabi/6.2.1/thumb/v6-m/crtbegin.o
 .bss._sercom_config
                0x20000028        0x2 src/ASF/sam0/drivers/sercom/sercom.o
 *fill*         0x2000002a        0x2 
 .bss.readBuffOffset
                0x2000002c        0x4 src/uart.o
                0x2000002c                readBuffOffset
 .bss._handler_table_initialized
                0x20000030        0x1 src/ASF/sam0/drivers/sercom/sercom_interrupt.o
 *fill*         0x20000031        0x3 
 .bss._sercom_interrupt_handlers
                0x20000034       0x18 src/ASF/sam0/drivers/sercom/sercom_interrupt.o
 .bss.cpu_irq_critical_section_counter
                0x2000004c        0x4 src/ASF/common/utils/interrupt/interrupt_sam_nvic.o
 .bss.cpu_irq_prev_interrupt_state
                0x20000050        0x1 src/ASF/common/utils/interrupt/interrupt_sam_nvic.o
 *fill*         0x20000051        0x3 
 .bss._system_clock_inst
                0x20000054       0x18 src/ASF/sam0/drivers/system/clock/clock_saml21/clock.o
 *(COMMON)
 COMMON         0x2000006c       0x6b src/loraDriver.o
                0x2000006c                lora_uart_instance
                0x200000a0                usart_instance
                0x200000d4                reset_config
 *fill*         0x200000d7        0x1 
 COMMON         0x200000d8       0xc8 src/uart.o
                0x200000d8                readBuf
 COMMON         0x200001a0       0x18 src/ASF/sam0/drivers/sercom/sercom_interrupt.o
                0x200001a0                _sercom_instances
                0x200001b8                . = ALIGN (0x4)
                0x200001b8                _ebss = .
                0x200001b8                _ezero = .

.stack          0x200001b8     0x2000 load address 0x00001a38
                0x200001b8                . = ALIGN (0x8)
                0x200001b8                _sstack = .
                0x200021b8                . = (. + STACK_SIZE)
 *fill*         0x200001b8     0x2000 
                0x200021b8                . = ALIGN (0x8)
                0x200021b8                _estack = .
                0x200021b8                . = ALIGN (0x4)
                0x200021b8                _end = .
OUTPUT(LoraTest.elf elf32-littlearm)

.ARM.attributes
                0x00000000       0x28
 .ARM.attributes
                0x00000000       0x1e c:/program files (x86)/atmel/studio/7.0/toolchain/arm/arm-gnu-toolchain/bin/../lib/gcc/arm-none-eabi/6.2.1/thumb/v6-m/crti.o
 .ARM.attributes
                0x0000001e       0x2c c:/program files (x86)/atmel/studio/7.0/toolchain/arm/arm-gnu-toolchain/bin/../lib/gcc/arm-none-eabi/6.2.1/thumb/v6-m/crtbegin.o
 .ARM.attributes
                0x0000004a       0x32 src/ASF/sam0/drivers/sercom/sercom.o
 .ARM.attributes
                0x0000007c       0x32 src/loraDriver.o
 .ARM.attributes
                0x000000ae       0x32 src/uart.o
 .ARM.attributes
                0x000000e0       0x32 src/ASF/sam0/drivers/sercom/usart/usart.o
 .ARM.attributes
                0x00000112       0x32 src/ASF/sam0/drivers/sercom/usart/usart_interrupt.o
 .ARM.attributes
                0x00000144       0x32 src/ASF/sam0/drivers/sercom/sercom_interrupt.o
 .ARM.attributes
                0x00000176       0x32 src/ASF/common2/services/delay/sam0/systick_counter.o
 .ARM.attributes
                0x000001a8       0x32 src/ASF/common/utils/interrupt/interrupt_sam_nvic.o
 .ARM.attributes
                0x000001da       0x32 src/ASF/sam0/boards/saml21_xplained_pro_b/board_init.o
 .ARM.attributes
                0x0000020c       0x32 src/ASF/sam0/drivers/port/port.o
 .ARM.attributes
                0x0000023e       0x32 src/ASF/sam0/drivers/system/clock/clock_saml21/clock.o
 .ARM.attributes
                0x00000270       0x32 src/ASF/sam0/drivers/system/clock/clock_saml21/gclk.o
 .ARM.attributes
                0x000002a2       0x32 src/ASF/sam0/drivers/system/pinmux/pinmux.o
 .ARM.attributes
                0x000002d4       0x32 src/ASF/sam0/drivers/system/system.o
 .ARM.attributes
                0x00000306       0x32 src/ASF/sam0/utils/cmsis/saml21/source/gcc/startup_saml21.o
 .ARM.attributes
                0x00000338       0x32 src/main.o
 .ARM.attributes
                0x0000036a       0x1e c:/program files (x86)/atmel/studio/7.0/toolchain/arm/arm-gnu-toolchain/bin/../lib/gcc/arm-none-eabi/6.2.1/thumb/v6-m\libgcc.a(_udivsi3.o)
 .ARM.attributes
                0x00000388       0x1e c:/program files (x86)/atmel/studio/7.0/toolchain/arm/arm-gnu-toolchain/bin/../lib/gcc/arm-none-eabi/6.2.1/thumb/v6-m\libgcc.a(_dvmd_tls.o)
 .ARM.attributes
                0x000003a6       0x2c c:/program files (x86)/atmel/studio/7.0/toolchain/arm/arm-gnu-toolchain/bin/../lib/gcc/arm-none-eabi/6.2.1/thumb/v6-m\libgcc.a(_muldi3.o)
 .ARM.attributes
                0x000003d2       0x2c c:/program files (x86)/atmel/studio/7.0/toolchain/arm/arm-gnu-toolchain/bin/../lib/gcc/arm-none-eabi/6.2.1/../../../../arm-none-eabi/lib/thumb/v6-m\libc_nano.a(lib_a-init.o)
 .ARM.attributes
                0x000003fe       0x1e c:/program files (x86)/atmel/studio/7.0/toolchain/arm/arm-gnu-toolchain/bin/../lib/gcc/arm-none-eabi/6.2.1/thumb/v6-m/crtn.o

.comment        0x00000000       0x59
 .comment       0x00000000       0x59 src/ASF/sam0/drivers/sercom/sercom.o
                                 0x5a (size before relaxing)
 .comment       0x00000059       0x5a src/loraDriver.o
 .comment       0x00000059       0x5a src/uart.o
 .comment       0x00000059       0x5a src/ASF/sam0/drivers/sercom/usart/usart.o
 .comment       0x00000059       0x5a src/ASF/sam0/drivers/sercom/usart/usart_interrupt.o
 .comment       0x00000059       0x5a src/ASF/sam0/drivers/sercom/sercom_interrupt.o
 .comment       0x00000059       0x5a src/ASF/common2/services/delay/sam0/systick_counter.o
 .comment       0x00000059       0x5a src/ASF/common/utils/interrupt/interrupt_sam_nvic.o
 .comment       0x00000059       0x5a src/ASF/sam0/boards/saml21_xplained_pro_b/board_init.o
 .comment       0x00000059       0x5a src/ASF/sam0/drivers/port/port.o
 .comment       0x00000059       0x5a src/ASF/sam0/drivers/system/clock/clock_saml21/clock.o
 .comment       0x00000059       0x5a src/ASF/sam0/drivers/system/clock/clock_saml21/gclk.o
 .comment       0x00000059       0x5a src/ASF/sam0/drivers/system/pinmux/pinmux.o
 .comment       0x00000059       0x5a src/ASF/sam0/drivers/system/system.o
 .comment       0x00000059       0x5a src/ASF/sam0/utils/cmsis/saml21/source/gcc/startup_saml21.o
 .comment       0x00000059       0x5a src/main.o

.debug_info     0x00000000    0x23bc4
 .debug_info    0x00000000     0x2df0 src/ASF/sam0/drivers/sercom/sercom.o
 .debug_info    0x00002df0     0x3a0b src/loraDriver.o
 .debug_info    0x000067fb     0x3730 src/uart.o
 .debug_info    0x00009f2b     0x4b9c src/ASF/sam0/drivers/sercom/usart/usart.o
 .debug_info    0x0000eac7     0x302d src/ASF/sam0/drivers/sercom/usart/usart_interrupt.o
 .debug_info    0x00011af4     0x2bf6 src/ASF/sam0/drivers/sercom/sercom_interrupt.o
 .debug_info    0x000146ea      0xb81 src/ASF/common2/services/delay/sam0/systick_counter.o
 .debug_info    0x0001526b      0xafb src/ASF/common/utils/interrupt/interrupt_sam_nvic.o
 .debug_info    0x00015d66     0x139c src/ASF/sam0/boards/saml21_xplained_pro_b/board_init.o
 .debug_info    0x00017102     0x13a5 src/ASF/sam0/drivers/port/port.o
 .debug_info    0x000184a7     0x42cc src/ASF/sam0/drivers/system/clock/clock_saml21/clock.o
 .debug_info    0x0001c773     0x1de3 src/ASF/sam0/drivers/system/clock/clock_saml21/gclk.o
 .debug_info    0x0001e556     0x14e4 src/ASF/sam0/drivers/system/pinmux/pinmux.o
 .debug_info    0x0001fa3a      0xa67 src/ASF/sam0/drivers/system/system.o
 .debug_info    0x000204a1      0xa2f src/ASF/sam0/utils/cmsis/saml21/source/gcc/startup_saml21.o
 .debug_info    0x00020ed0     0x2cf4 src/main.o

.debug_abbrev   0x00000000     0x31f1
 .debug_abbrev  0x00000000      0x378 src/ASF/sam0/drivers/sercom/sercom.o
 .debug_abbrev  0x00000378      0x394 src/loraDriver.o
 .debug_abbrev  0x0000070c      0x383 src/uart.o
 .debug_abbrev  0x00000a8f      0x477 src/ASF/sam0/drivers/sercom/usart/usart.o
 .debug_abbrev  0x00000f06      0x416 src/ASF/sam0/drivers/sercom/usart/usart_interrupt.o
 .debug_abbrev  0x0000131c      0x2d8 src/ASF/sam0/drivers/sercom/sercom_interrupt.o
 .debug_abbrev  0x000015f4      0x24b src/ASF/common2/services/delay/sam0/systick_counter.o
 .debug_abbrev  0x0000183f      0x22c src/ASF/common/utils/interrupt/interrupt_sam_nvic.o
 .debug_abbrev  0x00001a6b      0x2dc src/ASF/sam0/boards/saml21_xplained_pro_b/board_init.o
 .debug_abbrev  0x00001d47      0x298 src/ASF/sam0/drivers/port/port.o
 .debug_abbrev  0x00001fdf      0x423 src/ASF/sam0/drivers/system/clock/clock_saml21/clock.o
 .debug_abbrev  0x00002402      0x405 src/ASF/sam0/drivers/system/clock/clock_saml21/gclk.o
 .debug_abbrev  0x00002807      0x37b src/ASF/sam0/drivers/system/pinmux/pinmux.o
 .debug_abbrev  0x00002b82      0x1e1 src/ASF/sam0/drivers/system/system.o
 .debug_abbrev  0x00002d63      0x1e4 src/ASF/sam0/utils/cmsis/saml21/source/gcc/startup_saml21.o
 .debug_abbrev  0x00002f47      0x2aa src/main.o

.debug_loc      0x00000000     0x3d67
 .debug_loc     0x00000000      0x9d5 src/ASF/sam0/drivers/sercom/sercom.o
 .debug_loc     0x000009d5      0x1b7 src/loraDriver.o
 .debug_loc     0x00000b8c      0x275 src/uart.o
 .debug_loc     0x00000e01      0xed0 src/ASF/sam0/drivers/sercom/usart/usart.o
 .debug_loc     0x00001cd1      0x711 src/ASF/sam0/drivers/sercom/usart/usart_interrupt.o
 .debug_loc     0x000023e2      0x161 src/ASF/sam0/drivers/sercom/sercom_interrupt.o
 .debug_loc     0x00002543       0xe4 src/ASF/common2/services/delay/sam0/systick_counter.o
 .debug_loc     0x00002627       0x8b src/ASF/sam0/boards/saml21_xplained_pro_b/board_init.o
 .debug_loc     0x000026b2      0x13d src/ASF/sam0/drivers/port/port.o
 .debug_loc     0x000027ef      0xca2 src/ASF/sam0/drivers/system/clock/clock_saml21/clock.o
 .debug_loc     0x00003491      0x4dd src/ASF/sam0/drivers/system/clock/clock_saml21/gclk.o
 .debug_loc     0x0000396e      0x36d src/ASF/sam0/drivers/system/pinmux/pinmux.o
 .debug_loc     0x00003cdb       0x20 src/ASF/sam0/drivers/system/system.o
 .debug_loc     0x00003cfb       0x40 src/ASF/sam0/utils/cmsis/saml21/source/gcc/startup_saml21.o
 .debug_loc     0x00003d3b       0x2c src/main.o

.debug_aranges  0x00000000      0x408
 .debug_aranges
                0x00000000       0x48 src/ASF/sam0/drivers/sercom/sercom.o
 .debug_aranges
                0x00000048       0x28 src/loraDriver.o
 .debug_aranges
                0x00000070       0x38 src/uart.o
 .debug_aranges
                0x000000a8       0x40 src/ASF/sam0/drivers/sercom/usart/usart.o
 .debug_aranges
                0x000000e8       0x70 src/ASF/sam0/drivers/sercom/usart/usart_interrupt.o
 .debug_aranges
                0x00000158       0x60 src/ASF/sam0/drivers/sercom/sercom_interrupt.o
 .debug_aranges
                0x000001b8       0x30 src/ASF/common2/services/delay/sam0/systick_counter.o
 .debug_aranges
                0x000001e8       0x28 src/ASF/common/utils/interrupt/interrupt_sam_nvic.o
 .debug_aranges
                0x00000210       0x20 src/ASF/sam0/boards/saml21_xplained_pro_b/board_init.o
 .debug_aranges
                0x00000230       0x28 src/ASF/sam0/drivers/port/port.o
 .debug_aranges
                0x00000258       0x80 src/ASF/sam0/drivers/system/clock/clock_saml21/clock.o
 .debug_aranges
                0x000002d8       0x80 src/ASF/sam0/drivers/system/clock/clock_saml21/gclk.o
 .debug_aranges
                0x00000358       0x40 src/ASF/sam0/drivers/system/pinmux/pinmux.o
 .debug_aranges
                0x00000398       0x28 src/ASF/sam0/drivers/system/system.o
 .debug_aranges
                0x000003c0       0x28 src/ASF/sam0/utils/cmsis/saml21/source/gcc/startup_saml21.o
 .debug_aranges
                0x000003e8       0x20 src/main.o

.debug_ranges   0x00000000      0x498
 .debug_ranges  0x00000000       0x50 src/ASF/sam0/drivers/sercom/sercom.o
 .debug_ranges  0x00000050       0x18 src/loraDriver.o
 .debug_ranges  0x00000068       0x28 src/uart.o
 .debug_ranges  0x00000090      0x160 src/ASF/sam0/drivers/sercom/usart/usart.o
 .debug_ranges  0x000001f0       0x60 src/ASF/sam0/drivers/sercom/usart/usart_interrupt.o
 .debug_ranges  0x00000250       0x50 src/ASF/sam0/drivers/sercom/sercom_interrupt.o
 .debug_ranges  0x000002a0       0x50 src/ASF/common2/services/delay/sam0/systick_counter.o
 .debug_ranges  0x000002f0       0x18 src/ASF/common/utils/interrupt/interrupt_sam_nvic.o
 .debug_ranges  0x00000308       0x10 src/ASF/sam0/boards/saml21_xplained_pro_b/board_init.o
 .debug_ranges  0x00000318       0x18 src/ASF/sam0/drivers/port/port.o
 .debug_ranges  0x00000330       0x70 src/ASF/sam0/drivers/system/clock/clock_saml21/clock.o
 .debug_ranges  0x000003a0       0x88 src/ASF/sam0/drivers/system/clock/clock_saml21/gclk.o
 .debug_ranges  0x00000428       0x30 src/ASF/sam0/drivers/system/pinmux/pinmux.o
 .debug_ranges  0x00000458       0x18 src/ASF/sam0/drivers/system/system.o
 .debug_ranges  0x00000470       0x18 src/ASF/sam0/utils/cmsis/saml21/source/gcc/startup_saml21.o
 .debug_ranges  0x00000488       0x10 src/main.o

.debug_macro    0x00000000    0x1d3bd
 .debug_macro   0x00000000      0x61f src/ASF/sam0/drivers/sercom/sercom.o
 .debug_macro   0x0000061f      0x8b6 src/ASF/sam0/drivers/sercom/sercom.o
 .debug_macro   0x00000ed5      0x16d src/ASF/sam0/drivers/sercom/sercom.o
 .debug_macro   0x00001042      0x64b src/ASF/sam0/drivers/sercom/sercom.o
 .debug_macro   0x0000168d       0x22 src/ASF/sam0/drivers/sercom/sercom.o
 .debug_macro   0x000016af       0x87 src/ASF/sam0/drivers/sercom/sercom.o
 .debug_macro   0x00001736       0x51 src/ASF/sam0/drivers/sercom/sercom.o
 .debug_macro   0x00001787       0xef src/ASF/sam0/drivers/sercom/sercom.o
 .debug_macro   0x00001876       0x6a src/ASF/sam0/drivers/sercom/sercom.o
 .debug_macro   0x000018e0      0x1df src/ASF/sam0/drivers/sercom/sercom.o
 .debug_macro   0x00001abf       0x10 src/ASF/sam0/drivers/sercom/sercom.o
 .debug_macro   0x00001acf       0x76 src/ASF/sam0/drivers/sercom/sercom.o
 .debug_macro   0x00001b45       0x16 src/ASF/sam0/drivers/sercom/sercom.o
 .debug_macro   0x00001b5b      0x6e5 src/ASF/sam0/drivers/sercom/sercom.o
 .debug_macro   0x00002240      0xde2 src/ASF/sam0/drivers/sercom/sercom.o
 .debug_macro   0x00003022       0x22 src/ASF/sam0/drivers/sercom/sercom.o
 .debug_macro   0x00003044       0x40 src/ASF/sam0/drivers/sercom/sercom.o
 .debug_macro   0x00003084       0x3a src/ASF/sam0/drivers/sercom/sercom.o
 .debug_macro   0x000030be       0x1f src/ASF/sam0/drivers/sercom/sercom.o
 .debug_macro   0x000030dd      0x250 src/ASF/sam0/drivers/sercom/sercom.o
 .debug_macro   0x0000332d      0x71a src/ASF/sam0/drivers/sercom/sercom.o
 .debug_macro   0x00003a47      0x979 src/ASF/sam0/drivers/sercom/sercom.o
 .debug_macro   0x000043c0      0x2b8 src/ASF/sam0/drivers/sercom/sercom.o
 .debug_macro   0x00004678      0x226 src/ASF/sam0/drivers/sercom/sercom.o
 .debug_macro   0x0000489e      0x4dd src/ASF/sam0/drivers/sercom/sercom.o
 .debug_macro   0x00004d7b      0xd24 src/ASF/sam0/drivers/sercom/sercom.o
 .debug_macro   0x00005a9f      0x5b8 src/ASF/sam0/drivers/sercom/sercom.o
 .debug_macro   0x00006057      0x5c3 src/ASF/sam0/drivers/sercom/sercom.o
 .debug_macro   0x0000661a      0x832 src/ASF/sam0/drivers/sercom/sercom.o
 .debug_macro   0x00006e4c      0x297 src/ASF/sam0/drivers/sercom/sercom.o
 .debug_macro   0x000070e3      0x5de src/ASF/sam0/drivers/sercom/sercom.o
 .debug_macro   0x000076c1      0x225 src/ASF/sam0/drivers/sercom/sercom.o
 .debug_macro   0x000078e6      0x7a3 src/ASF/sam0/drivers/sercom/sercom.o
 .debug_macro   0x00008089      0x174 src/ASF/sam0/drivers/sercom/sercom.o
 .debug_macro   0x000081fd      0x719 src/ASF/sam0/drivers/sercom/sercom.o
 .debug_macro   0x00008916      0x293 src/ASF/sam0/drivers/sercom/sercom.o
 .debug_macro   0x00008ba9      0x702 src/ASF/sam0/drivers/sercom/sercom.o
 .debug_macro   0x000092ab      0x2e3 src/ASF/sam0/drivers/sercom/sercom.o
 .debug_macro   0x0000958e      0x3cb src/ASF/sam0/drivers/sercom/sercom.o
 .debug_macro   0x00009959      0x1ae src/ASF/sam0/drivers/sercom/sercom.o
 .debug_macro   0x00009b07     0x122b src/ASF/sam0/drivers/sercom/sercom.o
 .debug_macro   0x0000ad32      0xf4e src/ASF/sam0/drivers/sercom/sercom.o
 .debug_macro   0x0000bc80      0x873 src/ASF/sam0/drivers/sercom/sercom.o
 .debug_macro   0x0000c4f3      0xa39 src/ASF/sam0/drivers/sercom/sercom.o
 .debug_macro   0x0000cf2c      0x8bc src/ASF/sam0/drivers/sercom/sercom.o
 .debug_macro   0x0000d7e8     0x19cc src/ASF/sam0/drivers/sercom/sercom.o
 .debug_macro   0x0000f1b4       0xea src/ASF/sam0/drivers/sercom/sercom.o
 .debug_macro   0x0000f29e     0x13b0 src/ASF/sam0/drivers/sercom/sercom.o
 .debug_macro   0x0001064e      0x378 src/ASF/sam0/drivers/sercom/sercom.o
 .debug_macro   0x000109c6       0x7c src/ASF/sam0/drivers/sercom/sercom.o
 .debug_macro   0x00010a42       0xac src/ASF/sam0/drivers/sercom/sercom.o
 .debug_macro   0x00010aee       0xca src/ASF/sam0/drivers/sercom/sercom.o
 .debug_macro   0x00010bb8       0x4c src/ASF/sam0/drivers/sercom/sercom.o
 .debug_macro   0x00010c04       0x94 src/ASF/sam0/drivers/sercom/sercom.o
 .debug_macro   0x00010c98       0xd6 src/ASF/sam0/drivers/sercom/sercom.o
 .debug_macro   0x00010d6e       0xb2 src/ASF/sam0/drivers/sercom/sercom.o
 .debug_macro   0x00010e20       0x64 src/ASF/sam0/drivers/sercom/sercom.o
 .debug_macro   0x00010e84      0x5d5 src/ASF/sam0/drivers/sercom/sercom.o
 .debug_macro   0x00011459      0x1ab src/ASF/sam0/drivers/sercom/sercom.o
 .debug_macro   0x00011604       0x70 src/ASF/sam0/drivers/sercom/sercom.o
 .debug_macro   0x00011674       0xa0 src/ASF/sam0/drivers/sercom/sercom.o
 .debug_macro   0x00011714       0xc4 src/ASF/sam0/drivers/sercom/sercom.o
 .debug_macro   0x000117d8       0x28 src/ASF/sam0/drivers/sercom/sercom.o
 .debug_macro   0x00011800       0xa0 src/ASF/sam0/drivers/sercom/sercom.o
 .debug_macro   0x000118a0       0x40 src/ASF/sam0/drivers/sercom/sercom.o
 .debug_macro   0x000118e0       0x7c src/ASF/sam0/drivers/sercom/sercom.o
 .debug_macro   0x0001195c       0x40 src/ASF/sam0/drivers/sercom/sercom.o
 .debug_macro   0x0001199c      0x178 src/ASF/sam0/drivers/sercom/sercom.o
 .debug_macro   0x00011b14       0x34 src/ASF/sam0/drivers/sercom/sercom.o
 .debug_macro   0x00011b48       0xee src/ASF/sam0/drivers/sercom/sercom.o
 .debug_macro   0x00011c36      0x136 src/ASF/sam0/drivers/sercom/sercom.o
 .debug_macro   0x00011d6c      0x136 src/ASF/sam0/drivers/sercom/sercom.o
 .debug_macro   0x00011ea2      0x136 src/ASF/sam0/drivers/sercom/sercom.o
 .debug_macro   0x00011fd8      0x136 src/ASF/sam0/drivers/sercom/sercom.o
 .debug_macro   0x0001210e      0x136 src/ASF/sam0/drivers/sercom/sercom.o
 .debug_macro   0x00012244      0x136 src/ASF/sam0/drivers/sercom/sercom.o
 .debug_macro   0x0001237a       0x5e src/ASF/sam0/drivers/sercom/sercom.o
 .debug_macro   0x000123d8      0x1a6 src/ASF/sam0/drivers/sercom/sercom.o
 .debug_macro   0x0001257e       0xfa src/ASF/sam0/drivers/sercom/sercom.o
 .debug_macro   0x00012678       0xfa src/ASF/sam0/drivers/sercom/sercom.o
 .debug_macro   0x00012772       0xfa src/ASF/sam0/drivers/sercom/sercom.o
 .debug_macro   0x0001286c       0xfa src/ASF/sam0/drivers/sercom/sercom.o
 .debug_macro   0x00012966       0xfa src/ASF/sam0/drivers/sercom/sercom.o
 .debug_macro   0x00012a60      0x124 src/ASF/sam0/drivers/sercom/sercom.o
 .debug_macro   0x00012b84       0xfa src/ASF/sam0/drivers/sercom/sercom.o
 .debug_macro   0x00012c7e       0xee src/ASF/sam0/drivers/sercom/sercom.o
 .debug_macro   0x00012d6c       0x2e src/ASF/sam0/drivers/sercom/sercom.o
 .debug_macro   0x00012d9a      0x408 src/ASF/sam0/drivers/sercom/sercom.o
 .debug_macro   0x000131a2       0x3a src/ASF/sam0/drivers/sercom/sercom.o
 .debug_macro   0x000131dc      0x433 src/ASF/sam0/drivers/sercom/sercom.o
 .debug_macro   0x0001360f     0x2353 src/ASF/sam0/drivers/sercom/sercom.o
 .debug_macro   0x00015962       0x90 src/ASF/sam0/drivers/sercom/sercom.o
 .debug_macro   0x000159f2       0x52 src/ASF/sam0/drivers/sercom/sercom.o
 .debug_macro   0x00015a44       0x35 src/ASF/sam0/drivers/sercom/sercom.o
 .debug_macro   0x00015a79       0x9c src/ASF/sam0/drivers/sercom/sercom.o
 .debug_macro   0x00015b15       0x16 src/ASF/sam0/drivers/sercom/sercom.o
 .debug_macro   0x00015b2b       0x35 src/ASF/sam0/drivers/sercom/sercom.o
 .debug_macro   0x00015b60      0x330 src/ASF/sam0/drivers/sercom/sercom.o
 .debug_macro   0x00015e90       0x10 src/ASF/sam0/drivers/sercom/sercom.o
 .debug_macro   0x00015ea0       0x52 src/ASF/sam0/drivers/sercom/sercom.o
 .debug_macro   0x00015ef2       0x1f src/ASF/sam0/drivers/sercom/sercom.o
 .debug_macro   0x00015f11       0x43 src/ASF/sam0/drivers/sercom/sercom.o
 .debug_macro   0x00015f54       0x20 src/ASF/sam0/drivers/sercom/sercom.o
 .debug_macro   0x00015f74      0x187 src/ASF/sam0/drivers/sercom/sercom.o
 .debug_macro   0x000160fb       0x10 src/ASF/sam0/drivers/sercom/sercom.o
 .debug_macro   0x0001610b       0x1c src/ASF/sam0/drivers/sercom/sercom.o
 .debug_macro   0x00016127       0x52 src/ASF/sam0/drivers/sercom/sercom.o
 .debug_macro   0x00016179       0x40 src/ASF/sam0/drivers/sercom/sercom.o
 .debug_macro   0x000161b9       0x10 src/ASF/sam0/drivers/sercom/sercom.o
 .debug_macro   0x000161c9       0x40 src/ASF/sam0/drivers/sercom/sercom.o
 .debug_macro   0x00016209       0xd7 src/ASF/sam0/drivers/sercom/sercom.o
 .debug_macro   0x000162e0       0x16 src/ASF/sam0/drivers/sercom/sercom.o
 .debug_macro   0x000162f6      0x18b src/ASF/sam0/drivers/sercom/sercom.o
 .debug_macro   0x00016481       0x16 src/ASF/sam0/drivers/sercom/sercom.o
 .debug_macro   0x00016497       0x16 src/ASF/sam0/drivers/sercom/sercom.o
 .debug_macro   0x000164ad       0x29 src/ASF/sam0/drivers/sercom/sercom.o
 .debug_macro   0x000164d6       0x51 src/ASF/sam0/drivers/sercom/sercom.o
 .debug_macro   0x00016527       0x3f src/ASF/sam0/drivers/sercom/sercom.o
 .debug_macro   0x00016566      0x3df src/ASF/sam0/drivers/sercom/sercom.o
 .debug_macro   0x00016945       0x18 src/ASF/sam0/drivers/sercom/sercom.o
 .debug_macro   0x0001695d       0x2e src/ASF/sam0/drivers/sercom/sercom.o
 .debug_macro   0x0001698b       0xb2 src/ASF/sam0/drivers/sercom/sercom.o
 .debug_macro   0x00016a3d       0x10 src/ASF/sam0/drivers/sercom/sercom.o
 .debug_macro   0x00016a4d      0x6bb src/loraDriver.o
 .debug_macro   0x00017108       0x22 src/loraDriver.o
 .debug_macro   0x0001712a       0x97 src/loraDriver.o
 .debug_macro   0x000171c1       0xf6 src/loraDriver.o
 .debug_macro   0x000172b7       0x16 src/loraDriver.o
 .debug_macro   0x000172cd       0x16 src/loraDriver.o
 .debug_macro   0x000172e3       0x16 src/loraDriver.o
 .debug_macro   0x000172f9      0x2c6 src/loraDriver.o
 .debug_macro   0x000175bf      0x917 src/loraDriver.o
 .debug_macro   0x00017ed6       0x19 src/loraDriver.o
 .debug_macro   0x00017eef       0x57 src/loraDriver.o
 .debug_macro   0x00017f46      0x6b1 src/uart.o
 .debug_macro   0x000185f7      0x633 src/ASF/sam0/drivers/sercom/usart/usart.o
 .debug_macro   0x00018c2a       0x51 src/ASF/sam0/drivers/sercom/usart/usart.o
 .debug_macro   0x00018c7b      0x633 src/ASF/sam0/drivers/sercom/usart/usart_interrupt.o
 .debug_macro   0x000192ae      0x61d src/ASF/sam0/drivers/sercom/sercom_interrupt.o
 .debug_macro   0x000198cb      0x5c6 src/ASF/common2/services/delay/sam0/systick_counter.o
 .debug_macro   0x00019e91      0x58a src/ASF/common/utils/interrupt/interrupt_sam_nvic.o
 .debug_macro   0x0001a41b      0x5c6 src/ASF/sam0/boards/saml21_xplained_pro_b/board_init.o
 .debug_macro   0x0001a9e1      0x5a4 src/ASF/sam0/drivers/port/port.o
 .debug_macro   0x0001af85      0x5f5 src/ASF/sam0/drivers/system/clock/clock_saml21/clock.o
 .debug_macro   0x0001b57a      0x29e src/ASF/sam0/drivers/system/clock/clock_saml21/clock.o
 .debug_macro   0x0001b818      0x5c1 src/ASF/sam0/drivers/system/clock/clock_saml21/gclk.o
 .debug_macro   0x0001bdd9      0x59a src/ASF/sam0/drivers/system/pinmux/pinmux.o
 .debug_macro   0x0001c373       0x12 src/ASF/sam0/drivers/system/pinmux/pinmux.o
 .debug_macro   0x0001c385      0x5d1 src/ASF/sam0/drivers/system/system.o
 .debug_macro   0x0001c956      0x371 src/ASF/sam0/utils/cmsis/saml21/source/gcc/startup_saml21.o
 .debug_macro   0x0001ccc7       0x3a src/ASF/sam0/utils/cmsis/saml21/source/gcc/startup_saml21.o
 .debug_macro   0x0001cd01      0x6bc src/main.o

.debug_line     0x00000000     0xb806
 .debug_line    0x00000000      0xc4c src/ASF/sam0/drivers/sercom/sercom.o
 .debug_line    0x00000c4c      0xdb7 src/loraDriver.o
 .debug_line    0x00001a03      0xe0c src/uart.o
 .debug_line    0x0000280f      0xdcb src/ASF/sam0/drivers/sercom/usart/usart.o
 .debug_line    0x000035da      0xd44 src/ASF/sam0/drivers/sercom/usart/usart_interrupt.o
 .debug_line    0x0000431e      0xbef src/ASF/sam0/drivers/sercom/sercom_interrupt.o
 .debug_line    0x00004f0d      0xa44 src/ASF/common2/services/delay/sam0/systick_counter.o
 .debug_line    0x00005951      0x959 src/ASF/common/utils/interrupt/interrupt_sam_nvic.o
 .debug_line    0x000062aa      0xa02 src/ASF/sam0/boards/saml21_xplained_pro_b/board_init.o
 .debug_line    0x00006cac      0x985 src/ASF/sam0/drivers/port/port.o
 .debug_line    0x00007631      0xcfd src/ASF/sam0/drivers/system/clock/clock_saml21/clock.o
 .debug_line    0x0000832e      0xc8e src/ASF/sam0/drivers/system/clock/clock_saml21/gclk.o
 .debug_line    0x00008fbc      0x9d2 src/ASF/sam0/drivers/system/pinmux/pinmux.o
 .debug_line    0x0000998e      0xa69 src/ASF/sam0/drivers/system/system.o
 .debug_line    0x0000a3f7      0x6d1 src/ASF/sam0/utils/cmsis/saml21/source/gcc/startup_saml21.o
 .debug_line    0x0000aac8      0xd3e src/main.o

.debug_str      0x00000000    0x99f2c
 .debug_str     0x00000000    0x91531 src/ASF/sam0/drivers/sercom/sercom.o
                              0x91b83 (size before relaxing)
 .debug_str     0x00091531     0x407c src/loraDriver.o
                              0x95715 (size before relaxing)
 .debug_str     0x000955ad      0x9e1 src/uart.o
                              0x95e28 (size before relaxing)
 .debug_str     0x00095f8e      0x7af src/ASF/sam0/drivers/sercom/usart/usart.o
                              0x929d2 (size before relaxing)
 .debug_str     0x0009673d      0x216 src/ASF/sam0/drivers/sercom/usart/usart_interrupt.o
                              0x91b36 (size before relaxing)
 .debug_str     0x00096953      0x158 src/ASF/sam0/drivers/sercom/sercom_interrupt.o
                              0x91a1f (size before relaxing)
 .debug_str     0x00096aab       0xac src/ASF/common2/services/delay/sam0/systick_counter.o
                              0x90686 (size before relaxing)
 .debug_str     0x00096b57       0x66 src/ASF/common/utils/interrupt/interrupt_sam_nvic.o
                              0x90491 (size before relaxing)
 .debug_str     0x00096bbd       0x4c src/ASF/sam0/boards/saml21_xplained_pro_b/board_init.o
                              0x93d8a (size before relaxing)
 .debug_str     0x00096c09       0x5e src/ASF/sam0/drivers/port/port.o
                              0x90935 (size before relaxing)
 .debug_str     0x00096c67     0x2b8e src/ASF/sam0/drivers/system/clock/clock_saml21/clock.o
                              0x939da (size before relaxing)
 .debug_str     0x000997f5      0x198 src/ASF/sam0/drivers/system/clock/clock_saml21/gclk.o
                              0x91150 (size before relaxing)
 .debug_str     0x0009998d      0x179 src/ASF/sam0/drivers/system/pinmux/pinmux.o
                              0x90991 (size before relaxing)
 .debug_str     0x00099b06       0x47 src/ASF/sam0/drivers/system/system.o
                              0x90521 (size before relaxing)
 .debug_str     0x00099b4d      0x3d1 src/ASF/sam0/utils/cmsis/saml21/source/gcc/startup_saml21.o
                              0x7b9a7 (size before relaxing)
 .debug_str     0x00099f1e        0xe src/main.o
                              0x953d6 (size before relaxing)

.debug_frame    0x00000000      0x9a8
 .debug_frame   0x00000000       0xbc src/ASF/sam0/drivers/sercom/sercom.o
 .debug_frame   0x000000bc       0x54 src/loraDriver.o
 .debug_frame   0x00000110       0x94 src/uart.o
 .debug_frame   0x000001a4       0xac src/ASF/sam0/drivers/sercom/usart/usart.o
 .debug_frame   0x00000250      0x110 src/ASF/sam0/drivers/sercom/usart/usart_interrupt.o
 .debug_frame   0x00000360       0xe8 src/ASF/sam0/drivers/sercom/sercom_interrupt.o
 .debug_frame   0x00000448       0x64 src/ASF/common2/services/delay/sam0/systick_counter.o
 .debug_frame   0x000004ac       0x30 src/ASF/common/utils/interrupt/interrupt_sam_nvic.o
 .debug_frame   0x000004dc       0x30 src/ASF/sam0/boards/saml21_xplained_pro_b/board_init.o
 .debug_frame   0x0000050c       0x44 src/ASF/sam0/drivers/port/port.o
 .debug_frame   0x00000550      0x154 src/ASF/sam0/drivers/system/clock/clock_saml21/clock.o
 .debug_frame   0x000006a4      0x150 src/ASF/sam0/drivers/system/clock/clock_saml21/gclk.o
 .debug_frame   0x000007f4       0x98 src/ASF/sam0/drivers/system/pinmux/pinmux.o
 .debug_frame   0x0000088c       0x38 src/ASF/sam0/drivers/system/system.o
 .debug_frame   0x000008c4       0x38 src/ASF/sam0/utils/cmsis/saml21/source/gcc/startup_saml21.o
 .debug_frame   0x000008fc       0x2c src/main.o
 .debug_frame   0x00000928       0x20 c:/program files (x86)/atmel/studio/7.0/toolchain/arm/arm-gnu-toolchain/bin/../lib/gcc/arm-none-eabi/6.2.1/thumb/v6-m\libgcc.a(_udivsi3.o)
 .debug_frame   0x00000948       0x34 c:/program files (x86)/atmel/studio/7.0/toolchain/arm/arm-gnu-toolchain/bin/../lib/gcc/arm-none-eabi/6.2.1/thumb/v6-m\libgcc.a(_muldi3.o)
 .debug_frame   0x0000097c       0x2c c:/program files (x86)/atmel/studio/7.0/toolchain/arm/arm-gnu-toolchain/bin/../lib/gcc/arm-none-eabi/6.2.1/../../../../arm-none-eabi/lib/thumb/v6-m\libc_nano.a(lib_a-init.o)

Cross Reference Table

Symbol                                            File
AC_Handler                                        src/ASF/sam0/utils/cmsis/saml21/source/gcc/startup_saml21.o
ADC_Handler                                       src/ASF/sam0/utils/cmsis/saml21/source/gcc/startup_saml21.o
AES_Handler                                       src/ASF/sam0/utils/cmsis/saml21/source/gcc/startup_saml21.o
DAC_Handler                                       src/ASF/sam0/utils/cmsis/saml21/source/gcc/startup_saml21.o
DMAC_Handler                                      src/ASF/sam0/utils/cmsis/saml21/source/gcc/startup_saml21.o
Dummy_Handler                                     src/ASF/sam0/utils/cmsis/saml21/source/gcc/startup_saml21.o
EIC_Handler                                       src/ASF/sam0/utils/cmsis/saml21/source/gcc/startup_saml21.o
EVSYS_Handler                                     src/ASF/sam0/utils/cmsis/saml21/source/gcc/startup_saml21.o
HardFault_Handler                                 src/ASF/sam0/utils/cmsis/saml21/source/gcc/startup_saml21.o
NMI_Handler                                       src/ASF/sam0/utils/cmsis/saml21/source/gcc/startup_saml21.o
NVMCTRL_Handler                                   src/ASF/sam0/utils/cmsis/saml21/source/gcc/startup_saml21.o
PTC_Handler                                       src/ASF/sam0/utils/cmsis/saml21/source/gcc/startup_saml21.o
PendSV_Handler                                    src/ASF/sam0/utils/cmsis/saml21/source/gcc/startup_saml21.o
RTC_Handler                                       src/ASF/sam0/utils/cmsis/saml21/source/gcc/startup_saml21.o
Reset_Handler                                     src/ASF/sam0/utils/cmsis/saml21/source/gcc/startup_saml21.o
SERCOM0_Handler                                   src/ASF/sam0/drivers/sercom/sercom_interrupt.o
SERCOM1_Handler                                   src/ASF/sam0/drivers/sercom/sercom_interrupt.o
SERCOM2_Handler                                   src/ASF/sam0/drivers/sercom/sercom_interrupt.o
SERCOM3_Handler                                   src/ASF/sam0/drivers/sercom/sercom_interrupt.o
SERCOM4_Handler                                   src/ASF/sam0/drivers/sercom/sercom_interrupt.o
SERCOM5_Handler                                   src/ASF/sam0/drivers/sercom/sercom_interrupt.o
SVC_Handler                                       src/ASF/sam0/utils/cmsis/saml21/source/gcc/startup_saml21.o
SYSTEM_Handler                                    src/ASF/sam0/utils/cmsis/saml21/source/gcc/startup_saml21.o
SysTick_Handler                                   src/ASF/sam0/utils/cmsis/saml21/source/gcc/startup_saml21.o
SystemCoreClock                                   src/ASF/sam0/utils/cmsis/saml21/source/system_saml21.o
SystemCoreClockUpdate                             src/ASF/sam0/utils/cmsis/saml21/source/system_saml21.o
SystemInit                                        src/ASF/sam0/utils/cmsis/saml21/source/system_saml21.o
TC0_Handler                                       src/ASF/sam0/utils/cmsis/saml21/source/gcc/startup_saml21.o
TC1_Handler                                       src/ASF/sam0/utils/cmsis/saml21/source/gcc/startup_saml21.o
TC2_Handler                                       src/ASF/sam0/utils/cmsis/saml21/source/gcc/startup_saml21.o
TC3_Handler                                       src/ASF/sam0/utils/cmsis/saml21/source/gcc/startup_saml21.o
TC4_Handler                                       src/ASF/sam0/utils/cmsis/saml21/source/gcc/startup_saml21.o
TCC0_Handler                                      src/ASF/sam0/utils/cmsis/saml21/source/gcc/startup_saml21.o
TCC1_Handler                                      src/ASF/sam0/utils/cmsis/saml21/source/gcc/startup_saml21.o
TCC2_Handler                                      src/ASF/sam0/utils/cmsis/saml21/source/gcc/startup_saml21.o
TRNG_Handler                                      src/ASF/sam0/utils/cmsis/saml21/source/gcc/startup_saml21.o
USB_Handler                                       src/ASF/sam0/utils/cmsis/saml21/source/gcc/startup_saml21.o
WDT_Handler                                       src/ASF/sam0/utils/cmsis/saml21/source/gcc/startup_saml21.o
_Jv_RegisterClasses                               c:/program files (x86)/atmel/studio/7.0/toolchain/arm/arm-gnu-toolchain/bin/../lib/gcc/arm-none-eabi/6.2.1/thumb/v6-m/crtbegin.o
__aeabi_idiv0                                     c:/program files (x86)/atmel/studio/7.0/toolchain/arm/arm-gnu-toolchain/bin/../lib/gcc/arm-none-eabi/6.2.1/thumb/v6-m\libgcc.a(_dvmd_tls.o)
                                                  c:/program files (x86)/atmel/studio/7.0/toolchain/arm/arm-gnu-toolchain/bin/../lib/gcc/arm-none-eabi/6.2.1/thumb/v6-m\libgcc.a(_udivsi3.o)
__aeabi_ldiv0                                     c:/program files (x86)/atmel/studio/7.0/toolchain/arm/arm-gnu-toolchain/bin/../lib/gcc/arm-none-eabi/6.2.1/thumb/v6-m\libgcc.a(_dvmd_tls.o)
__aeabi_lmul                                      c:/program files (x86)/atmel/studio/7.0/toolchain/arm/arm-gnu-toolchain/bin/../lib/gcc/arm-none-eabi/6.2.1/thumb/v6-m\libgcc.a(_muldi3.o)
                                                  src/ASF/sam0/drivers/sercom/sercom.o
__aeabi_uidiv                                     c:/program files (x86)/atmel/studio/7.0/toolchain/arm/arm-gnu-toolchain/bin/../lib/gcc/arm-none-eabi/6.2.1/thumb/v6-m\libgcc.a(_udivsi3.o)
                                                  c:/program files (x86)/atmel/studio/7.0/toolchain/arm/arm-gnu-toolchain/bin/../lib/gcc/arm-none-eabi/6.2.1/../../../../arm-none-eabi/lib/thumb/v6-m\libc_nano.a(lib_a-nano-vfprintf_i.o)
                                                  src/ASF/sam0/drivers/system/clock/clock_saml21/gclk.o
                                                  src/ASF/sam0/drivers/system/clock/clock_saml21/clock.o
                                                  src/ASF/common2/services/delay/sam0/systick_counter.o
__aeabi_uidivmod                                  c:/program files (x86)/atmel/studio/7.0/toolchain/arm/arm-gnu-toolchain/bin/../lib/gcc/arm-none-eabi/6.2.1/thumb/v6-m\libgcc.a(_udivsi3.o)
                                                  c:/program files (x86)/atmel/studio/7.0/toolchain/arm/arm-gnu-toolchain/bin/../lib/gcc/arm-none-eabi/6.2.1/../../../../arm-none-eabi/lib/thumb/v6-m\libc_nano.a(lib_a-nano-vfprintf_i.o)
__bss_end__                                       c:/program files (x86)/atmel/studio/7.0/toolchain/arm/arm-gnu-toolchain/bin/../lib/gcc/arm-none-eabi/6.2.1/../../../../arm-none-eabi/lib/thumb/v6-m/crt0.o
__bss_start__                                     c:/program files (x86)/atmel/studio/7.0/toolchain/arm/arm-gnu-toolchain/bin/../lib/gcc/arm-none-eabi/6.2.1/../../../../arm-none-eabi/lib/thumb/v6-m/crt0.o
__call_exitprocs                                  c:/program files (x86)/atmel/studio/7.0/toolchain/arm/arm-gnu-toolchain/bin/../lib/gcc/arm-none-eabi/6.2.1/../../../../arm-none-eabi/lib/thumb/v6-m\libc_nano.a(lib_a-exit.o)
__deregister_frame_info                           c:/program files (x86)/atmel/studio/7.0/toolchain/arm/arm-gnu-toolchain/bin/../lib/gcc/arm-none-eabi/6.2.1/thumb/v6-m/crtbegin.o
__dso_handle                                      c:/program files (x86)/atmel/studio/7.0/toolchain/arm/arm-gnu-toolchain/bin/../lib/gcc/arm-none-eabi/6.2.1/thumb/v6-m/crtbegin.o
__init_array_end                                  c:/program files (x86)/atmel/studio/7.0/toolchain/arm/arm-gnu-toolchain/bin/../lib/gcc/arm-none-eabi/6.2.1/../../../../arm-none-eabi/lib/thumb/v6-m\libc_nano.a(lib_a-init.o)
__init_array_start                                c:/program files (x86)/atmel/studio/7.0/toolchain/arm/arm-gnu-toolchain/bin/../lib/gcc/arm-none-eabi/6.2.1/../../../../arm-none-eabi/lib/thumb/v6-m\libc_nano.a(lib_a-init.o)
__libc_fini_array                                 c:/program files (x86)/atmel/studio/7.0/toolchain/arm/arm-gnu-toolchain/bin/../lib/gcc/arm-none-eabi/6.2.1/../../../../arm-none-eabi/lib/thumb/v6-m/crt0.o
__libc_init_array                                 c:/program files (x86)/atmel/studio/7.0/toolchain/arm/arm-gnu-toolchain/bin/../lib/gcc/arm-none-eabi/6.2.1/../../../../arm-none-eabi/lib/thumb/v6-m\libc_nano.a(lib_a-init.o)
                                                  src/ASF/sam0/utils/cmsis/saml21/source/gcc/startup_saml21.o
                                                  c:/program files (x86)/atmel/studio/7.0/toolchain/arm/arm-gnu-toolchain/bin/../lib/gcc/arm-none-eabi/6.2.1/../../../../arm-none-eabi/lib/thumb/v6-m/crt0.o
__malloc_free_list                                c:/program files (x86)/atmel/studio/7.0/toolchain/arm/arm-gnu-toolchain/bin/../lib/gcc/arm-none-eabi/6.2.1/../../../../arm-none-eabi/lib/thumb/v6-m\libc_nano.a(lib_a-nano-mallocr.o)
                                                  c:/program files (x86)/atmel/studio/7.0/toolchain/arm/arm-gnu-toolchain/bin/../lib/gcc/arm-none-eabi/6.2.1/../../../../arm-none-eabi/lib/thumb/v6-m\libc_nano.a(lib_a-nano-freer.o)
__malloc_lock                                     c:/program files (x86)/atmel/studio/7.0/toolchain/arm/arm-gnu-toolchain/bin/../lib/gcc/arm-none-eabi/6.2.1/../../../../arm-none-eabi/lib/thumb/v6-m\libc_nano.a(lib_a-mlock.o)
                                                  c:/program files (x86)/atmel/studio/7.0/toolchain/arm/arm-gnu-toolchain/bin/../lib/gcc/arm-none-eabi/6.2.1/../../../../arm-none-eabi/lib/thumb/v6-m\libc_nano.a(lib_a-nano-mallocr.o)
                                                  c:/program files (x86)/atmel/studio/7.0/toolchain/arm/arm-gnu-toolchain/bin/../lib/gcc/arm-none-eabi/6.2.1/../../../../arm-none-eabi/lib/thumb/v6-m\libc_nano.a(lib_a-nano-freer.o)
__malloc_sbrk_start                               c:/program files (x86)/atmel/studio/7.0/toolchain/arm/arm-gnu-toolchain/bin/../lib/gcc/arm-none-eabi/6.2.1/../../../../arm-none-eabi/lib/thumb/v6-m\libc_nano.a(lib_a-nano-mallocr.o)
__malloc_unlock                                   c:/program files (x86)/atmel/studio/7.0/toolchain/arm/arm-gnu-toolchain/bin/../lib/gcc/arm-none-eabi/6.2.1/../../../../arm-none-eabi/lib/thumb/v6-m\libc_nano.a(lib_a-mlock.o)
                                                  c:/program files (x86)/atmel/studio/7.0/toolchain/arm/arm-gnu-toolchain/bin/../lib/gcc/arm-none-eabi/6.2.1/../../../../arm-none-eabi/lib/thumb/v6-m\libc_nano.a(lib_a-nano-mallocr.o)
                                                  c:/program files (x86)/atmel/studio/7.0/toolchain/arm/arm-gnu-toolchain/bin/../lib/gcc/arm-none-eabi/6.2.1/../../../../arm-none-eabi/lib/thumb/v6-m\libc_nano.a(lib_a-nano-freer.o)
__muldi3                                          c:/program files (x86)/atmel/studio/7.0/toolchain/arm/arm-gnu-toolchain/bin/../lib/gcc/arm-none-eabi/6.2.1/thumb/v6-m\libgcc.a(_muldi3.o)
__preinit_array_end                               c:/program files (x86)/atmel/studio/7.0/toolchain/arm/arm-gnu-toolchain/bin/../lib/gcc/arm-none-eabi/6.2.1/../../../../arm-none-eabi/lib/thumb/v6-m\libc_nano.a(lib_a-init.o)
__preinit_array_start                             c:/program files (x86)/atmel/studio/7.0/toolchain/arm/arm-gnu-toolchain/bin/../lib/gcc/arm-none-eabi/6.2.1/../../../../arm-none-eabi/lib/thumb/v6-m\libc_nano.a(lib_a-init.o)
__register_frame_info                             c:/program files (x86)/atmel/studio/7.0/toolchain/arm/arm-gnu-toolchain/bin/../lib/gcc/arm-none-eabi/6.2.1/thumb/v6-m/crtbegin.o
__sf_fake_stderr                                  c:/program files (x86)/atmel/studio/7.0/toolchain/arm/arm-gnu-toolchain/bin/../lib/gcc/arm-none-eabi/6.2.1/../../../../arm-none-eabi/lib/thumb/v6-m\libc_nano.a(lib_a-impure.o)
__sf_fake_stdin                                   c:/program files (x86)/atmel/studio/7.0/toolchain/arm/arm-gnu-toolchain/bin/../lib/gcc/arm-none-eabi/6.2.1/../../../../arm-none-eabi/lib/thumb/v6-m\libc_nano.a(lib_a-impure.o)
__sf_fake_stdout                                  c:/program files (x86)/atmel/studio/7.0/toolchain/arm/arm-gnu-toolchain/bin/../lib/gcc/arm-none-eabi/6.2.1/../../../../arm-none-eabi/lib/thumb/v6-m\libc_nano.a(lib_a-impure.o)
__ssprint_r                                       c:/program files (x86)/atmel/studio/7.0/toolchain/arm/arm-gnu-toolchain/bin/../lib/gcc/arm-none-eabi/6.2.1/../../../../arm-none-eabi/lib/thumb/v6-m\libc_nano.a(lib_a-nano-svfprintf.o)
__ssputs_r                                        c:/program files (x86)/atmel/studio/7.0/toolchain/arm/arm-gnu-toolchain/bin/../lib/gcc/arm-none-eabi/6.2.1/../../../../arm-none-eabi/lib/thumb/v6-m\libc_nano.a(lib_a-nano-svfprintf.o)
__stack                                           c:/program files (x86)/atmel/studio/7.0/toolchain/arm/arm-gnu-toolchain/bin/../lib/gcc/arm-none-eabi/6.2.1/../../../../arm-none-eabi/lib/thumb/v6-m/crt0.o
__udivsi3                                         c:/program files (x86)/atmel/studio/7.0/toolchain/arm/arm-gnu-toolchain/bin/../lib/gcc/arm-none-eabi/6.2.1/thumb/v6-m\libgcc.a(_udivsi3.o)
_close                                            src/ASF/sam0/utils/syscalls/gcc/syscalls.o
_end                                              src/ASF/sam0/utils/syscalls/gcc/syscalls.o
_erelocate                                        src/ASF/sam0/utils/cmsis/saml21/source/gcc/startup_saml21.o
_estack                                           src/ASF/sam0/utils/cmsis/saml21/source/gcc/startup_saml21.o
_etext                                            src/ASF/sam0/utils/cmsis/saml21/source/gcc/startup_saml21.o
_exit                                             src/ASF/sam0/utils/syscalls/gcc/syscalls.o
                                                  c:/program files (x86)/atmel/studio/7.0/toolchain/arm/arm-gnu-toolchain/bin/../lib/gcc/arm-none-eabi/6.2.1/../../../../arm-none-eabi/lib/thumb/v6-m\libc_nano.a(lib_a-exit.o)
_ezero                                            src/ASF/sam0/utils/cmsis/saml21/source/gcc/startup_saml21.o
_fini                                             c:/program files (x86)/atmel/studio/7.0/toolchain/arm/arm-gnu-toolchain/bin/../lib/gcc/arm-none-eabi/6.2.1/thumb/v6-m/crti.o
_free_r                                           c:/program files (x86)/atmel/studio/7.0/toolchain/arm/arm-gnu-toolchain/bin/../lib/gcc/arm-none-eabi/6.2.1/../../../../arm-none-eabi/lib/thumb/v6-m\libc_nano.a(lib_a-nano-freer.o)
                                                  c:/program files (x86)/atmel/studio/7.0/toolchain/arm/arm-gnu-toolchain/bin/../lib/gcc/arm-none-eabi/6.2.1/../../../../arm-none-eabi/lib/thumb/v6-m\libc_nano.a(lib_a-reent.o)
                                                  c:/program files (x86)/atmel/studio/7.0/toolchain/arm/arm-gnu-toolchain/bin/../lib/gcc/arm-none-eabi/6.2.1/../../../../arm-none-eabi/lib/thumb/v6-m\libc_nano.a(lib_a-nano-reallocr.o)
                                                  c:/program files (x86)/atmel/studio/7.0/toolchain/arm/arm-gnu-toolchain/bin/../lib/gcc/arm-none-eabi/6.2.1/../../../../arm-none-eabi/lib/thumb/v6-m\libc_nano.a(lib_a-nano-svfprintf.o)
_fstat                                            src/ASF/sam0/utils/syscalls/gcc/syscalls.o
_getpid                                           src/ASF/sam0/utils/syscalls/gcc/syscalls.o
_global_impure_ptr                                c:/program files (x86)/atmel/studio/7.0/toolchain/arm/arm-gnu-toolchain/bin/../lib/gcc/arm-none-eabi/6.2.1/../../../../arm-none-eabi/lib/thumb/v6-m\libc_nano.a(lib_a-impure.o)
                                                  c:/program files (x86)/atmel/studio/7.0/toolchain/arm/arm-gnu-toolchain/bin/../lib/gcc/arm-none-eabi/6.2.1/../../../../arm-none-eabi/lib/thumb/v6-m\libc_nano.a(lib_a-exit.o)
_impure_ptr                                       c:/program files (x86)/atmel/studio/7.0/toolchain/arm/arm-gnu-toolchain/bin/../lib/gcc/arm-none-eabi/6.2.1/../../../../arm-none-eabi/lib/thumb/v6-m\libc_nano.a(lib_a-impure.o)
                                                  c:/program files (x86)/atmel/studio/7.0/toolchain/arm/arm-gnu-toolchain/bin/../lib/gcc/arm-none-eabi/6.2.1/../../../../arm-none-eabi/lib/thumb/v6-m\libc_nano.a(lib_a-reent.o)
                                                  c:/program files (x86)/atmel/studio/7.0/toolchain/arm/arm-gnu-toolchain/bin/../lib/gcc/arm-none-eabi/6.2.1/../../../../arm-none-eabi/lib/thumb/v6-m\libc_nano.a(lib_a-sprintf.o)
_init                                             c:/program files (x86)/atmel/studio/7.0/toolchain/arm/arm-gnu-toolchain/bin/../lib/gcc/arm-none-eabi/6.2.1/thumb/v6-m/crti.o
                                                  c:/program files (x86)/atmel/studio/7.0/toolchain/arm/arm-gnu-toolchain/bin/../lib/gcc/arm-none-eabi/6.2.1/../../../../arm-none-eabi/lib/thumb/v6-m\libc_nano.a(lib_a-init.o)
_isatty                                           src/ASF/sam0/utils/syscalls/gcc/syscalls.o
_kill                                             src/ASF/sam0/utils/syscalls/gcc/syscalls.o
_lseek                                            src/ASF/sam0/utils/syscalls/gcc/syscalls.o
_mainCRTStartup                                   c:/program files (x86)/atmel/studio/7.0/toolchain/arm/arm-gnu-toolchain/bin/../lib/gcc/arm-none-eabi/6.2.1/../../../../arm-none-eabi/lib/thumb/v6-m/crt0.o
_malloc_r                                         c:/program files (x86)/atmel/studio/7.0/toolchain/arm/arm-gnu-toolchain/bin/../lib/gcc/arm-none-eabi/6.2.1/../../../../arm-none-eabi/lib/thumb/v6-m\libc_nano.a(lib_a-nano-mallocr.o)
                                                  c:/program files (x86)/atmel/studio/7.0/toolchain/arm/arm-gnu-toolchain/bin/../lib/gcc/arm-none-eabi/6.2.1/../../../../arm-none-eabi/lib/thumb/v6-m\libc_nano.a(lib_a-nano-reallocr.o)
                                                  c:/program files (x86)/atmel/studio/7.0/toolchain/arm/arm-gnu-toolchain/bin/../lib/gcc/arm-none-eabi/6.2.1/../../../../arm-none-eabi/lib/thumb/v6-m\libc_nano.a(lib_a-nano-svfprintf.o)
_malloc_usable_size_r                             c:/program files (x86)/atmel/studio/7.0/toolchain/arm/arm-gnu-toolchain/bin/../lib/gcc/arm-none-eabi/6.2.1/../../../../arm-none-eabi/lib/thumb/v6-m\libc_nano.a(lib_a-nano-msizer.o)
                                                  c:/program files (x86)/atmel/studio/7.0/toolchain/arm/arm-gnu-toolchain/bin/../lib/gcc/arm-none-eabi/6.2.1/../../../../arm-none-eabi/lib/thumb/v6-m\libc_nano.a(lib_a-nano-reallocr.o)
_printf_common                                    c:/program files (x86)/atmel/studio/7.0/toolchain/arm/arm-gnu-toolchain/bin/../lib/gcc/arm-none-eabi/6.2.1/../../../../arm-none-eabi/lib/thumb/v6-m\libc_nano.a(lib_a-nano-vfprintf_i.o)
_printf_float                                     c:/program files (x86)/atmel/studio/7.0/toolchain/arm/arm-gnu-toolchain/bin/../lib/gcc/arm-none-eabi/6.2.1/../../../../arm-none-eabi/lib/thumb/v6-m\libc_nano.a(lib_a-nano-svfprintf.o)
_printf_i                                         c:/program files (x86)/atmel/studio/7.0/toolchain/arm/arm-gnu-toolchain/bin/../lib/gcc/arm-none-eabi/6.2.1/../../../../arm-none-eabi/lib/thumb/v6-m\libc_nano.a(lib_a-nano-vfprintf_i.o)
                                                  c:/program files (x86)/atmel/studio/7.0/toolchain/arm/arm-gnu-toolchain/bin/../lib/gcc/arm-none-eabi/6.2.1/../../../../arm-none-eabi/lib/thumb/v6-m\libc_nano.a(lib_a-nano-svfprintf.o)
_realloc_r                                        c:/program files (x86)/atmel/studio/7.0/toolchain/arm/arm-gnu-toolchain/bin/../lib/gcc/arm-none-eabi/6.2.1/../../../../arm-none-eabi/lib/thumb/v6-m\libc_nano.a(lib_a-nano-reallocr.o)
                                                  c:/program files (x86)/atmel/studio/7.0/toolchain/arm/arm-gnu-toolchain/bin/../lib/gcc/arm-none-eabi/6.2.1/../../../../arm-none-eabi/lib/thumb/v6-m\libc_nano.a(lib_a-nano-svfprintf.o)
_reclaim_reent                                    c:/program files (x86)/atmel/studio/7.0/toolchain/arm/arm-gnu-toolchain/bin/../lib/gcc/arm-none-eabi/6.2.1/../../../../arm-none-eabi/lib/thumb/v6-m\libc_nano.a(lib_a-reent.o)
_sbrk                                             src/ASF/sam0/utils/syscalls/gcc/syscalls.o
                                                  c:/program files (x86)/atmel/studio/7.0/toolchain/arm/arm-gnu-toolchain/bin/../lib/gcc/arm-none-eabi/6.2.1/../../../../arm-none-eabi/lib/thumb/v6-m\libc_nano.a(lib_a-sbrkr.o)
_sbrk_r                                           c:/program files (x86)/atmel/studio/7.0/toolchain/arm/arm-gnu-toolchain/bin/../lib/gcc/arm-none-eabi/6.2.1/../../../../arm-none-eabi/lib/thumb/v6-m\libc_nano.a(lib_a-sbrkr.o)
                                                  c:/program files (x86)/atmel/studio/7.0/toolchain/arm/arm-gnu-toolchain/bin/../lib/gcc/arm-none-eabi/6.2.1/../../../../arm-none-eabi/lib/thumb/v6-m\libc_nano.a(lib_a-nano-mallocr.o)
_sercom_get_async_baud_val                        src/ASF/sam0/drivers/sercom/sercom.o
                                                  src/ASF/sam0/drivers/sercom/usart/usart.o
_sercom_get_default_pad                           src/ASF/sam0/drivers/sercom/sercom.o
                                                  src/ASF/sam0/drivers/sercom/usart/usart.o
_sercom_get_interrupt_vector                      src/ASF/sam0/drivers/sercom/sercom_interrupt.o
                                                  src/uart.o
_sercom_get_sercom_inst_index                     src/ASF/sam0/drivers/sercom/sercom.o
                                                  src/ASF/sam0/drivers/sercom/sercom_interrupt.o
                                                  src/ASF/sam0/drivers/sercom/usart/usart.o
_sercom_get_sync_baud_val                         src/ASF/sam0/drivers/sercom/sercom.o
                                                  src/ASF/sam0/drivers/sercom/usart/usart.o
_sercom_instances                                 src/ASF/sam0/drivers/sercom/sercom_interrupt.o
                                                  src/ASF/sam0/drivers/sercom/usart/usart_interrupt.o
                                                  src/ASF/sam0/drivers/sercom/usart/usart.o
_sercom_set_handler                               src/ASF/sam0/drivers/sercom/sercom_interrupt.o
                                                  src/ASF/sam0/drivers/sercom/usart/usart.o
_sfixed                                           src/ASF/sam0/utils/cmsis/saml21/source/gcc/startup_saml21.o
_siprintf_r                                       c:/program files (x86)/atmel/studio/7.0/toolchain/arm/arm-gnu-toolchain/bin/../lib/gcc/arm-none-eabi/6.2.1/../../../../arm-none-eabi/lib/thumb/v6-m\libc_nano.a(lib_a-sprintf.o)
_sprintf_r                                        c:/program files (x86)/atmel/studio/7.0/toolchain/arm/arm-gnu-toolchain/bin/../lib/gcc/arm-none-eabi/6.2.1/../../../../arm-none-eabi/lib/thumb/v6-m\libc_nano.a(lib_a-sprintf.o)
_srelocate                                        src/ASF/sam0/utils/cmsis/saml21/source/gcc/startup_saml21.o
_start                                            c:/program files (x86)/atmel/studio/7.0/toolchain/arm/arm-gnu-toolchain/bin/../lib/gcc/arm-none-eabi/6.2.1/../../../../arm-none-eabi/lib/thumb/v6-m/crt0.o
_svfiprintf_r                                     c:/program files (x86)/atmel/studio/7.0/toolchain/arm/arm-gnu-toolchain/bin/../lib/gcc/arm-none-eabi/6.2.1/../../../../arm-none-eabi/lib/thumb/v6-m\libc_nano.a(lib_a-nano-svfprintf.o)
_svfprintf_r                                      c:/program files (x86)/atmel/studio/7.0/toolchain/arm/arm-gnu-toolchain/bin/../lib/gcc/arm-none-eabi/6.2.1/../../../../arm-none-eabi/lib/thumb/v6-m\libc_nano.a(lib_a-nano-svfprintf.o)
                                                  c:/program files (x86)/atmel/studio/7.0/toolchain/arm/arm-gnu-toolchain/bin/../lib/gcc/arm-none-eabi/6.2.1/../../../../arm-none-eabi/lib/thumb/v6-m\libc_nano.a(lib_a-sprintf.o)
_system_divas_init                                src/ASF/sam0/drivers/system/system.o
_system_dummy_init                                src/ASF/sam0/drivers/system/system.o
_system_events_init                               src/ASF/sam0/drivers/system/system.o
_system_extint_init                               src/ASF/sam0/drivers/system/system.o
_szero                                            src/ASF/sam0/utils/cmsis/saml21/source/gcc/startup_saml21.o
_usart_interrupt_handler                          src/ASF/sam0/drivers/sercom/usart/usart_interrupt.o
                                                  src/ASF/sam0/drivers/sercom/usart/usart.o
_usart_read_buffer                                src/ASF/sam0/drivers/sercom/usart/usart_interrupt.o
_usart_write_buffer                               src/ASF/sam0/drivers/sercom/usart/usart_interrupt.o
atexit                                            c:/program files (x86)/atmel/studio/7.0/toolchain/arm/arm-gnu-toolchain/bin/../lib/gcc/arm-none-eabi/6.2.1/../../../../arm-none-eabi/lib/thumb/v6-m/crt0.o
board_init                                        src/ASF/sam0/boards/saml21_xplained_pro_b/board_init.o
cleanup_glue                                      c:/program files (x86)/atmel/studio/7.0/toolchain/arm/arm-gnu-toolchain/bin/../lib/gcc/arm-none-eabi/6.2.1/../../../../arm-none-eabi/lib/thumb/v6-m\libc_nano.a(lib_a-reent.o)
cpu_irq_enter_critical                            src/ASF/common/utils/interrupt/interrupt_sam_nvic.o
                                                  src/ASF/sam0/drivers/system/clock/clock_saml21/gclk.o
                                                  src/ASF/sam0/drivers/sercom/usart/usart_interrupt.o
cpu_irq_leave_critical                            src/ASF/common/utils/interrupt/interrupt_sam_nvic.o
                                                  src/ASF/sam0/drivers/system/clock/clock_saml21/gclk.o
                                                  src/ASF/sam0/drivers/sercom/usart/usart_interrupt.o
delay_cycles_ms                                   src/ASF/common2/services/delay/sam0/systick_counter.o
                                                  src/uart.o
                                                  src/loraDriver.o
delay_cycles_us                                   src/ASF/common2/services/delay/sam0/systick_counter.o
delay_init                                        src/ASF/common2/services/delay/sam0/systick_counter.o
                                                  src/main.o
errno                                             c:/program files (x86)/atmel/studio/7.0/toolchain/arm/arm-gnu-toolchain/bin/../lib/gcc/arm-none-eabi/6.2.1/../../../../arm-none-eabi/lib/thumb/v6-m\libc_nano.a(lib_a-reent.o)
                                                  c:/program files (x86)/atmel/studio/7.0/toolchain/arm/arm-gnu-toolchain/bin/../lib/gcc/arm-none-eabi/6.2.1/../../../../arm-none-eabi/lib/thumb/v6-m\libc_nano.a(lib_a-sbrkr.o)
exception_table                                   src/ASF/sam0/utils/cmsis/saml21/source/gcc/startup_saml21.o
exit                                              c:/program files (x86)/atmel/studio/7.0/toolchain/arm/arm-gnu-toolchain/bin/../lib/gcc/arm-none-eabi/6.2.1/../../../../arm-none-eabi/lib/thumb/v6-m\libc_nano.a(lib_a-exit.o)
                                                  c:/program files (x86)/atmel/studio/7.0/toolchain/arm/arm-gnu-toolchain/bin/../lib/gcc/arm-none-eabi/6.2.1/../../../../arm-none-eabi/lib/thumb/v6-m/crt0.o
g_interrupt_enabled                               src/ASF/common/utils/interrupt/interrupt_sam_nvic.o
hardware_init_hook                                c:/program files (x86)/atmel/studio/7.0/toolchain/arm/arm-gnu-toolchain/bin/../lib/gcc/arm-none-eabi/6.2.1/../../../../arm-none-eabi/lib/thumb/v6-m/crt0.o
init_uart                                         src/uart.o
                                                  src/main.o
link                                              src/ASF/sam0/utils/syscalls/gcc/syscalls.o
lora_setup                                        src/loraDriver.o
lora_uart_instance                                src/main.o
                                                  src/uart.o
                                                  src/loraDriver.o
main                                              src/main.o
                                                  src/ASF/sam0/utils/cmsis/saml21/source/gcc/startup_saml21.o
                                                  c:/program files (x86)/atmel/studio/7.0/toolchain/arm/arm-gnu-toolchain/bin/../lib/gcc/arm-none-eabi/6.2.1/../../../../arm-none-eabi/lib/thumb/v6-m/crt0.o
memchr                                            c:/program files (x86)/atmel/studio/7.0/toolchain/arm/arm-gnu-toolchain/bin/../lib/gcc/arm-none-eabi/6.2.1/../../../../arm-none-eabi/lib/thumb/v6-m\libc_nano.a(lib_a-memchr-stub.o)
                                                  c:/program files (x86)/atmel/studio/7.0/toolchain/arm/arm-gnu-toolchain/bin/../lib/gcc/arm-none-eabi/6.2.1/../../../../arm-none-eabi/lib/thumb/v6-m\libc_nano.a(lib_a-nano-vfprintf_i.o)
                                                  c:/program files (x86)/atmel/studio/7.0/toolchain/arm/arm-gnu-toolchain/bin/../lib/gcc/arm-none-eabi/6.2.1/../../../../arm-none-eabi/lib/thumb/v6-m\libc_nano.a(lib_a-nano-svfprintf.o)
memcpy                                            c:/program files (x86)/atmel/studio/7.0/toolchain/arm/arm-gnu-toolchain/bin/../lib/gcc/arm-none-eabi/6.2.1/../../../../arm-none-eabi/lib/thumb/v6-m\libc_nano.a(lib_a-memcpy-stub.o)
                                                  c:/program files (x86)/atmel/studio/7.0/toolchain/arm/arm-gnu-toolchain/bin/../lib/gcc/arm-none-eabi/6.2.1/../../../../arm-none-eabi/lib/thumb/v6-m\libc_nano.a(lib_a-nano-reallocr.o)
                                                  c:/program files (x86)/atmel/studio/7.0/toolchain/arm/arm-gnu-toolchain/bin/../lib/gcc/arm-none-eabi/6.2.1/../../../../arm-none-eabi/lib/thumb/v6-m\libc_nano.a(lib_a-nano-svfprintf.o)
                                                  src/loraDriver.o
memmove                                           c:/program files (x86)/atmel/studio/7.0/toolchain/arm/arm-gnu-toolchain/bin/../lib/gcc/arm-none-eabi/6.2.1/../../../../arm-none-eabi/lib/thumb/v6-m\libc_nano.a(lib_a-memmove.o)
                                                  c:/program files (x86)/atmel/studio/7.0/toolchain/arm/arm-gnu-toolchain/bin/../lib/gcc/arm-none-eabi/6.2.1/../../../../arm-none-eabi/lib/thumb/v6-m\libc_nano.a(lib_a-nano-svfprintf.o)
memset                                            c:/program files (x86)/atmel/studio/7.0/toolchain/arm/arm-gnu-toolchain/bin/../lib/gcc/arm-none-eabi/6.2.1/../../../../arm-none-eabi/lib/thumb/v6-m\libc_nano.a(lib_a-memset.o)
                                                  c:/program files (x86)/atmel/studio/7.0/toolchain/arm/arm-gnu-toolchain/bin/../lib/gcc/arm-none-eabi/6.2.1/../../../../arm-none-eabi/lib/thumb/v6-m/crt0.o
port_group_set_config                             src/ASF/sam0/drivers/port/port.o
port_pin_set_config                               src/ASF/sam0/drivers/port/port.o
                                                  src/ASF/sam0/boards/saml21_xplained_pro_b/board_init.o
                                                  src/loraDriver.o
readBuf                                           src/uart.o
readBuffOffset                                    src/uart.o
read_response                                     src/uart.o
                                                  src/loraDriver.o
reset_N                                           src/loraDriver.o
reset_config                                      src/main.o
                                                  src/loraDriver.o
send_command                                      src/uart.o
                                                  src/main.o
                                                  src/loraDriver.o
send_command_noack                                src/uart.o
                                                  src/loraDriver.o
sercom_set_gclk_generator                         src/ASF/sam0/drivers/sercom/sercom.o
                                                  src/ASF/sam0/drivers/sercom/usart/usart.o
siprintf                                          c:/program files (x86)/atmel/studio/7.0/toolchain/arm/arm-gnu-toolchain/bin/../lib/gcc/arm-none-eabi/6.2.1/../../../../arm-none-eabi/lib/thumb/v6-m\libc_nano.a(lib_a-sprintf.o)
software_init_hook                                c:/program files (x86)/atmel/studio/7.0/toolchain/arm/arm-gnu-toolchain/bin/../lib/gcc/arm-none-eabi/6.2.1/../../../../arm-none-eabi/lib/thumb/v6-m/crt0.o
sprintf                                           c:/program files (x86)/atmel/studio/7.0/toolchain/arm/arm-gnu-toolchain/bin/../lib/gcc/arm-none-eabi/6.2.1/../../../../arm-none-eabi/lib/thumb/v6-m\libc_nano.a(lib_a-sprintf.o)
                                                  src/loraDriver.o
system_board_init                                 src/ASF/sam0/boards/saml21_xplained_pro_b/board_init.o
system_clock_init                                 src/ASF/sam0/drivers/system/clock/clock_saml21/clock.o
system_clock_source_dfll_set_config               src/ASF/sam0/drivers/system/clock/clock_saml21/clock.o
system_clock_source_disable                       src/ASF/sam0/drivers/system/clock/clock_saml21/clock.o
system_clock_source_dpll_set_config               src/ASF/sam0/drivers/system/clock/clock_saml21/clock.o
system_clock_source_enable                        src/ASF/sam0/drivers/system/clock/clock_saml21/clock.o
system_clock_source_get_hz                        src/ASF/sam0/drivers/system/clock/clock_saml21/clock.o
                                                  src/ASF/sam0/drivers/system/clock/clock_saml21/gclk.o
system_clock_source_is_ready                      src/ASF/sam0/drivers/system/clock/clock_saml21/clock.o
system_clock_source_osc16m_set_config             src/ASF/sam0/drivers/system/clock/clock_saml21/clock.o
system_clock_source_osc32k_set_config             src/ASF/sam0/drivers/system/clock/clock_saml21/clock.o
system_clock_source_osculp32k_set_config          src/ASF/sam0/drivers/system/clock/clock_saml21/clock.o
system_clock_source_write_calibration             src/ASF/sam0/drivers/system/clock/clock_saml21/clock.o
system_clock_source_xosc32k_set_config            src/ASF/sam0/drivers/system/clock/clock_saml21/clock.o
system_clock_source_xosc_set_config               src/ASF/sam0/drivers/system/clock/clock_saml21/clock.o
system_gclk_chan_disable                          src/ASF/sam0/drivers/system/clock/clock_saml21/gclk.o
system_gclk_chan_enable                           src/ASF/sam0/drivers/system/clock/clock_saml21/gclk.o
                                                  src/ASF/sam0/drivers/sercom/usart/usart.o
                                                  src/ASF/sam0/drivers/sercom/sercom.o
system_gclk_chan_get_hz                           src/ASF/sam0/drivers/system/clock/clock_saml21/gclk.o
                                                  src/ASF/sam0/drivers/system/clock/clock_saml21/clock.o
                                                  src/ASF/sam0/drivers/sercom/usart/usart.o
system_gclk_chan_is_enabled                       src/ASF/sam0/drivers/system/clock/clock_saml21/gclk.o
system_gclk_chan_is_locked                        src/ASF/sam0/drivers/system/clock/clock_saml21/gclk.o
system_gclk_chan_lock                             src/ASF/sam0/drivers/system/clock/clock_saml21/gclk.o
system_gclk_chan_set_config                       src/ASF/sam0/drivers/system/clock/clock_saml21/gclk.o
                                                  src/ASF/sam0/drivers/sercom/usart/usart.o
                                                  src/ASF/sam0/drivers/sercom/sercom.o
system_gclk_gen_disable                           src/ASF/sam0/drivers/system/clock/clock_saml21/gclk.o
system_gclk_gen_enable                            src/ASF/sam0/drivers/system/clock/clock_saml21/gclk.o
                                                  src/ASF/sam0/drivers/system/clock/clock_saml21/clock.o
system_gclk_gen_get_hz                            src/ASF/sam0/drivers/system/clock/clock_saml21/gclk.o
                                                  src/ASF/sam0/drivers/system/clock/clock_saml21/clock.o
                                                  src/ASF/common2/services/delay/sam0/systick_counter.o
system_gclk_gen_is_enabled                        src/ASF/sam0/drivers/system/clock/clock_saml21/gclk.o
system_gclk_gen_set_config                        src/ASF/sam0/drivers/system/clock/clock_saml21/gclk.o
                                                  src/ASF/sam0/drivers/system/clock/clock_saml21/clock.o
system_gclk_init                                  src/ASF/sam0/drivers/system/clock/clock_saml21/gclk.o
                                                  src/ASF/sam0/drivers/system/clock/clock_saml21/clock.o
system_init                                       src/ASF/sam0/drivers/system/system.o
                                                  src/main.o
system_interrupt_clear_pending                    src/ASF/sam0/drivers/system/interrupt/system_interrupt.o
system_interrupt_get_priority                     src/ASF/sam0/drivers/system/interrupt/system_interrupt.o
system_interrupt_is_pending                       src/ASF/sam0/drivers/system/interrupt/system_interrupt.o
system_interrupt_set_pending                      src/ASF/sam0/drivers/system/interrupt/system_interrupt.o
system_interrupt_set_priority                     src/ASF/sam0/drivers/system/interrupt/system_interrupt.o
system_pinmux_group_set_config                    src/ASF/sam0/drivers/system/pinmux/pinmux.o
                                                  src/ASF/sam0/drivers/port/port.o
system_pinmux_group_set_input_sample_mode         src/ASF/sam0/drivers/system/pinmux/pinmux.o
system_pinmux_group_set_output_strength           src/ASF/sam0/drivers/system/pinmux/pinmux.o
system_pinmux_pin_set_config                      src/ASF/sam0/drivers/system/pinmux/pinmux.o
                                                  src/ASF/sam0/drivers/port/port.o
                                                  src/ASF/sam0/drivers/sercom/usart/usart.o
try_join                                          src/loraDriver.o
                                                  src/main.o
usart_abort_job                                   src/ASF/sam0/drivers/sercom/usart/usart_interrupt.o
usart_get_job_status                              src/ASF/sam0/drivers/sercom/usart/usart_interrupt.o
usart_init                                        src/ASF/sam0/drivers/sercom/usart/usart.o
                                                  src/uart.o
usart_instance                                    src/main.o
                                                  src/uart.o
                                                  src/loraDriver.o
usart_read_buffer_job                             src/ASF/sam0/drivers/sercom/usart/usart_interrupt.o
usart_read_buffer_wait                            src/ASF/sam0/drivers/sercom/usart/usart.o
usart_read_job                                    src/ASF/sam0/drivers/sercom/usart/usart_interrupt.o
usart_read_wait                                   src/ASF/sam0/drivers/sercom/usart/usart.o
                                                  src/uart.o
usart_register_callback                           src/ASF/sam0/drivers/sercom/usart/usart_interrupt.o
usart_unregister_callback                         src/ASF/sam0/drivers/sercom/usart/usart_interrupt.o
usart_write_buffer_job                            src/ASF/sam0/drivers/sercom/usart/usart_interrupt.o
usart_write_buffer_wait                           src/ASF/sam0/drivers/sercom/usart/usart.o
                                                  src/uart.o
                                                  src/loraDriver.o
usart_write_job                                   src/ASF/sam0/drivers/sercom/usart/usart_interrupt.o
usart_write_wait                                  src/ASF/sam0/drivers/sercom/usart/usart.o
